Archive member included to satisfy reference by file (symbol)

../Middlewares/ST/AI/Lib\NetworkRuntime520_CM33_GCC.a(ai_platform_interface.o)
                              ./X-CUBE-AI/App/network.o (ai_platform_runtime_get_revision)
../Middlewares/ST/AI/Lib\NetworkRuntime520_CM33_GCC.a(core_mem_manager.o)
                              ../Middlewares/ST/AI/Lib\NetworkRuntime520_CM33_GCC.a(ai_platform_interface.o) (core_mem_alloc)
../Middlewares/ST/AI/Lib\NetworkRuntime520_CM33_GCC.a(core_common.o)
                              ../Middlewares/ST/AI/Lib\NetworkRuntime520_CM33_GCC.a(ai_platform_interface.o) (core_init)
../Middlewares/ST/AI/Lib\NetworkRuntime520_CM33_GCC.a(layers_conv2d_generic_float.o)
                              ./X-CUBE-AI/App/network.o (forward_dense)
../Middlewares/ST/AI/Lib\NetworkRuntime520_CM33_GCC.a(layers_nl_generic_float.o)
                              ./X-CUBE-AI/App/network.o (forward_relu)
../Middlewares/ST/AI/Lib\NetworkRuntime520_CM33_GCC.a(layers.o)
                              ../Middlewares/ST/AI/Lib\NetworkRuntime520_CM33_GCC.a(ai_platform_interface.o) (ai_check_custom_types)
../Middlewares/ST/AI/Lib\NetworkRuntime520_CM33_GCC.a(arm_mat_init_f32.o)
                              ../Middlewares/ST/AI/Lib\NetworkRuntime520_CM33_GCC.a(layers_conv2d_generic_float.o) (arm_mat_init_f32)
../Middlewares/ST/AI/Lib\NetworkRuntime520_CM33_GCC.a(ai_datatypes_format.o)
                              ../Middlewares/ST/AI/Lib\NetworkRuntime520_CM33_GCC.a(ai_platform_interface.o) (ai_array_to_buffer_fmt)
../Middlewares/ST/AI/Lib\NetworkRuntime520_CM33_GCC.a(ai_math_helpers.o)
                              ../Middlewares/ST/AI/Lib\NetworkRuntime520_CM33_GCC.a(layers_nl_generic_float.o) (ai_math_sqrt)
C:/ST/STM32CubeIDE_1.15.1/STM32CubeIDE/plugins/com.st.stm32cube.ide.mcu.externaltools.gnu-tools-for-stm32.12.3.rel1.win32_1.0.100.202403111256/tools/bin/../lib/gcc/arm-none-eabi/12.3.1/../../../../arm-none-eabi/lib/thumb/v8-m.main+fp/hard\libc_nano.a(libc_a-exit.o)
                              C:/ST/STM32CubeIDE_1.15.1/STM32CubeIDE/plugins/com.st.stm32cube.ide.mcu.externaltools.gnu-tools-for-stm32.12.3.rel1.win32_1.0.100.202403111256/tools/bin/../lib/gcc/arm-none-eabi/12.3.1/../../../../arm-none-eabi/lib/thumb/v8-m.main+fp/hard/crt0.o (exit)
C:/ST/STM32CubeIDE_1.15.1/STM32CubeIDE/plugins/com.st.stm32cube.ide.mcu.externaltools.gnu-tools-for-stm32.12.3.rel1.win32_1.0.100.202403111256/tools/bin/../lib/gcc/arm-none-eabi/12.3.1/../../../../arm-none-eabi/lib/thumb/v8-m.main+fp/hard\libc_nano.a(libc_a-malloc.o)
                              ./X-CUBE-AI/App/aiSystemPerformance.o (malloc)
C:/ST/STM32CubeIDE_1.15.1/STM32CubeIDE/plugins/com.st.stm32cube.ide.mcu.externaltools.gnu-tools-for-stm32.12.3.rel1.win32_1.0.100.202403111256/tools/bin/../lib/gcc/arm-none-eabi/12.3.1/../../../../arm-none-eabi/lib/thumb/v8-m.main+fp/hard\libc_nano.a(libc_a-mallocr.o)
                              C:/ST/STM32CubeIDE_1.15.1/STM32CubeIDE/plugins/com.st.stm32cube.ide.mcu.externaltools.gnu-tools-for-stm32.12.3.rel1.win32_1.0.100.202403111256/tools/bin/../lib/gcc/arm-none-eabi/12.3.1/../../../../arm-none-eabi/lib/thumb/v8-m.main+fp/hard\libc_nano.a(libc_a-malloc.o) (_malloc_r)
C:/ST/STM32CubeIDE_1.15.1/STM32CubeIDE/plugins/com.st.stm32cube.ide.mcu.externaltools.gnu-tools-for-stm32.12.3.rel1.win32_1.0.100.202403111256/tools/bin/../lib/gcc/arm-none-eabi/12.3.1/../../../../arm-none-eabi/lib/thumb/v8-m.main+fp/hard\libc_nano.a(libc_a-mlock.o)
                              C:/ST/STM32CubeIDE_1.15.1/STM32CubeIDE/plugins/com.st.stm32cube.ide.mcu.externaltools.gnu-tools-for-stm32.12.3.rel1.win32_1.0.100.202403111256/tools/bin/../lib/gcc/arm-none-eabi/12.3.1/../../../../arm-none-eabi/lib/thumb/v8-m.main+fp/hard\libc_nano.a(libc_a-mallocr.o) (__malloc_lock)
C:/ST/STM32CubeIDE_1.15.1/STM32CubeIDE/plugins/com.st.stm32cube.ide.mcu.externaltools.gnu-tools-for-stm32.12.3.rel1.win32_1.0.100.202403111256/tools/bin/../lib/gcc/arm-none-eabi/12.3.1/../../../../arm-none-eabi/lib/thumb/v8-m.main+fp/hard\libc_nano.a(libc_a-rand.o)
                              ./X-CUBE-AI/App/aiSystemPerformance.o (srand)
C:/ST/STM32CubeIDE_1.15.1/STM32CubeIDE/plugins/com.st.stm32cube.ide.mcu.externaltools.gnu-tools-for-stm32.12.3.rel1.win32_1.0.100.202403111256/tools/bin/../lib/gcc/arm-none-eabi/12.3.1/../../../../arm-none-eabi/lib/thumb/v8-m.main+fp/hard\libc_nano.a(libc_a-realloc.o)
                              ../Middlewares/ST/AI/Lib\NetworkRuntime520_CM33_GCC.a(core_mem_manager.o) (realloc)
C:/ST/STM32CubeIDE_1.15.1/STM32CubeIDE/plugins/com.st.stm32cube.ide.mcu.externaltools.gnu-tools-for-stm32.12.3.rel1.win32_1.0.100.202403111256/tools/bin/../lib/gcc/arm-none-eabi/12.3.1/../../../../arm-none-eabi/lib/thumb/v8-m.main+fp/hard\libc_nano.a(libc_a-reallocr.o)
[...]
Memory Configuration

Name             Origin             Length             Attributes
RAM              0x20000000         0x000c0000         xrw
SRAM4            0x28000000         0x00004000         xrw
FLASH            0x08000000         0x00200000         xr
*default*        0x00000000         0xffffffff

Linker script and memory map

LOAD C:/ST/STM32CubeIDE_1.15.1/STM32CubeIDE/plugins/com.st.stm32cube.ide.mcu.externaltools.gnu-tools-for-stm32.12.3.rel1.win32_1.0.100.202403111256/tools/bin/../lib/gcc/arm-none-eabi/12.3.1/thumb/v8-m.main+fp/hard/crti.o
LOAD C:/ST/STM32CubeIDE_1.15.1/STM32CubeIDE/plugins/com.st.stm32cube.ide.mcu.externaltools.gnu-tools-for-stm32.12.3.rel1.win32_1.0.100.202403111256/tools/bin/../lib/gcc/arm-none-eabi/12.3.1/thumb/v8-m.main+fp/hard/crtbegin.o
LOAD C:/ST/STM32CubeIDE_1.15.1/STM32CubeIDE/plugins/com.st.stm32cube.ide.mcu.externaltools.gnu-tools-for-stm32.12.3.rel1.win32_1.0.100.202403111256/tools/bin/../lib/gcc/arm-none-eabi/12.3.1/../../../../arm-none-eabi/lib/thumb/v8-m.main+fp/hard/crt0.o
LOAD ./Core/Src/main.o
LOAD ./Core/Src/stm32u5xx_hal_msp.o
LOAD ./Core/Src/stm32u5xx_it.o
LOAD ./Core/Src/syscalls.o
LOAD ./Core/Src/sysmem.o
LOAD ./Core/Src/system_stm32u5xx.o
LOAD ./Core/Startup/startup_stm32u585aiixq.o
LOAD ./Drivers/STM32U5xx_HAL_Driver/stm32u5xx_hal.o
LOAD ./Drivers/STM32U5xx_HAL_Driver/stm32u5xx_hal_cortex.o
LOAD ./Drivers/STM32U5xx_HAL_Driver/stm32u5xx_hal_crc.o
LOAD ./Drivers/STM32U5xx_HAL_Driver/stm32u5xx_hal_crc_ex.o
LOAD ./Drivers/STM32U5xx_HAL_Driver/stm32u5xx_hal_dma.o
LOAD ./Drivers/STM32U5xx_HAL_Driver/stm32u5xx_hal_dma_ex.o
LOAD ./Drivers/STM32U5xx_HAL_Driver/stm32u5xx_hal_exti.o
LOAD ./Drivers/STM32U5xx_HAL_Driver/stm32u5xx_hal_flash.o
LOAD ./Drivers/STM32U5xx_HAL_Driver/stm32u5xx_hal_flash_ex.o
LOAD ./Drivers/STM32U5xx_HAL_Driver/stm32u5xx_hal_gpio.o
LOAD ./Drivers/STM32U5xx_HAL_Driver/stm32u5xx_hal_gtzc.o
LOAD ./Drivers/STM32U5xx_HAL_Driver/stm32u5xx_hal_i2c.o
LOAD ./Drivers/STM32U5xx_HAL_Driver/stm32u5xx_hal_i2c_ex.o
LOAD ./Drivers/STM32U5xx_HAL_Driver/stm32u5xx_hal_icache.o
LOAD ./Drivers/STM32U5xx_HAL_Driver/stm32u5xx_hal_pwr.o
LOAD ./Drivers/STM32U5xx_HAL_Driver/stm32u5xx_hal_pwr_ex.o
LOAD ./Drivers/STM32U5xx_HAL_Driver/stm32u5xx_hal_rcc.o
LOAD ./Drivers/STM32U5xx_HAL_Driver/stm32u5xx_hal_rcc_ex.o
LOAD ./Drivers/STM32U5xx_HAL_Driver/stm32u5xx_hal_tim.o
LOAD ./Drivers/STM32U5xx_HAL_Driver/stm32u5xx_hal_tim_ex.o
LOAD ./Drivers/STM32U5xx_HAL_Driver/stm32u5xx_hal_uart.o
LOAD ./Drivers/STM32U5xx_HAL_Driver/stm32u5xx_hal_uart_ex.o
LOAD ./X-CUBE-AI/App/aiSystemPerformance.o
LOAD ./X-CUBE-AI/App/aiTestHelper.o
LOAD ./X-CUBE-AI/App/aiTestUtility.o
LOAD ./X-CUBE-AI/App/app_x-cube-ai.o
LOAD ./X-CUBE-AI/App/network.o
LOAD ./X-CUBE-AI/App/network_data.o
LOAD ../Middlewares/ST/AI/Lib\NetworkRuntime520_CM33_GCC.a
START GROUP
LOAD C:/ST/STM32CubeIDE_1.15.1/STM32CubeIDE/plugins/com.st.stm32cube.ide.mcu.externaltools.gnu-tools-for-stm32.12.3.rel1.win32_1.0.100.202403111256/tools/bin/../lib/gcc/arm-none-eabi/12.3.1/../../../../arm-none-eabi/lib/thumb/v8-m.main+fp/hard\libc_nano.a
LOAD C:/ST/STM32CubeIDE_1.15.1/STM32CubeIDE/plugins/com.st.stm32cube.ide.mcu.externaltools.gnu-tools-for-stm32.12.3.rel1.win32_1.0.100.202403111256/tools/bin/../lib/gcc/arm-none-eabi/12.3.1/../../../../arm-none-eabi/lib/thumb/v8-m.main+fp/hard\libm.a
END GROUP
START GROUP
LOAD C:/ST/STM32CubeIDE_1.15.1/STM32CubeIDE/plugins/com.st.stm32cube.ide.mcu.externaltools.gnu-tools-for-stm32.12.3.rel1.win32_1.0.100.202403111256/tools/bin/../lib/gcc/arm-none-eabi/12.3.1/thumb/v8-m.main+fp/hard\libgcc.a
LOAD C:/ST/STM32CubeIDE_1.15.1/STM32CubeIDE/plugins/com.st.stm32cube.ide.mcu.externaltools.gnu-tools-for-stm32.12.3.rel1.win32_1.0.100.202403111256/tools/bin/../lib/gcc/arm-none-eabi/12.3.1/../../../../arm-none-eabi/lib/thumb/v8-m.main+fp/hard\libc_nano.a
END GROUP
START GROUP
LOAD C:/ST/STM32CubeIDE_1.15.1/STM32CubeIDE/plugins/com.st.stm32cube.ide.mcu.externaltools.gnu-tools-for-stm32.12.3.rel1.win32_1.0.100.202403111256/tools/bin/../lib/gcc/arm-none-eabi/12.3.1/thumb/v8-m.main+fp/hard\libgcc.a
LOAD C:/ST/STM32CubeIDE_1.15.1/STM32CubeIDE/plugins/com.st.stm32cube.ide.mcu.externaltools.gnu-tools-for-stm32.12.3.rel1.win32_1.0.100.202403111256/tools/bin/../lib/gcc/arm-none-eabi/12.3.1/../../../../arm-none-eabi/lib/thumb/v8-m.main+fp/hard\libc_nano.a
LOAD C:/ST/STM32CubeIDE_1.15.1/STM32CubeIDE/plugins/com.st.stm32cube.ide.mcu.externaltools.gnu-tools-for-stm32.12.3.rel1.win32_1.0.100.202403111256/tools/bin/../lib/gcc/arm-none-eabi/12.3.1/../../../../arm-none-eabi/lib/thumb/v8-m.main+fp/hard\libnosys.a
END GROUP
START GROUP
LOAD C:/ST/STM32CubeIDE_1.15.1/STM32CubeIDE/plugins/com.st.stm32cube.ide.mcu.externaltools.gnu-tools-for-stm32.12.3.rel1.win32_1.0.100.202403111256/tools/bin/../lib/gcc/arm-none-eabi/12.3.1/thumb/v8-m.main+fp/hard\libgcc.a
LOAD C:/ST/STM32CubeIDE_1.15.1/STM32CubeIDE/plugins/com.st.stm32cube.ide.mcu.externaltools.gnu-tools-for-stm32.12.3.rel1.win32_1.0.100.202403111256/tools/bin/../lib/gcc/arm-none-eabi/12.3.1/../../../../arm-none-eabi/lib/thumb/v8-m.main+fp/hard\libc_nano.a
LOAD C:/ST/STM32CubeIDE_1.15.1/STM32CubeIDE/plugins/com.st.stm32cube.ide.mcu.externaltools.gnu-tools-for-stm32.12.3.rel1.win32_1.0.100.202403111256/tools/bin/../lib/gcc/arm-none-eabi/12.3.1/../../../../arm-none-eabi/lib/thumb/v8-m.main+fp/hard\libnosys.a
END GROUP
LOAD C:/ST/STM32CubeIDE_1.15.1/STM32CubeIDE/plugins/com.st.stm32cube.ide.mcu.externaltools.gnu-tools-for-stm32.12.3.rel1.win32_1.0.100.202403111256/tools/bin/../lib/gcc/arm-none-eabi/12.3.1/thumb/v8-m.main+fp/hard/crtend.o
LOAD C:/ST/STM32CubeIDE_1.15.1/STM32CubeIDE/plugins/com.st.stm32cube.ide.mcu.externaltools.gnu-tools-for-stm32.12.3.rel1.win32_1.0.100.202403111256/tools/bin/../lib/gcc/arm-none-eabi/12.3.1/thumb/v8-m.main+fp/hard/crtn.o
                0x200c0000                        _estack = (ORIGIN (RAM) + LENGTH (RAM))
                0x00000200                        _Min_Heap_Size = 0x200
                0x00000800                        _Min_Stack_Size = 0x800

.isr_vector     0x08000000      0x238
 *(.isr_vector)
 .isr_vector    0x08000000      0x238 ./Core/Startup/startup_stm32u585aiixq.o
                0x08000000                g_pfnVectors

.text           0x08000238     0xc934
 *(.text)
 .text          0x08000238       0x40 C:/ST/STM32CubeIDE_1.15.1/STM32CubeIDE/plugins/com.st.stm32cube.ide.mcu.externaltools.gnu-tools-for-stm32.12.3.rel1.win32_1.0.100.202403111256/tools/bin/../lib/gcc/arm-none-eabi/12.3.1/thumb/v8-m.main+fp/hard/crtbegin.o
 .text          0x08000278       0x10 C:/ST/STM32CubeIDE_1.15.1/STM32CubeIDE/plugins/com.st.stm32cube.ide.mcu.externaltools.gnu-tools-for-stm32.12.3.rel1.win32_1.0.100.202403111256/tools/bin/../lib/gcc/arm-none-eabi/12.3.1/../../../../arm-none-eabi/lib/thumb/v8-m.main+fp/hard\libc_nano.a(libc_a-strlen.o)
                0x08000278                strlen
 .text          0x08000288      0x378 C:/ST/STM32CubeIDE_1.15.1/STM32CubeIDE/plugins/com.st.stm32cube.ide.mcu.externaltools.gnu-tools-for-stm32.12.3.rel1.win32_1.0.100.202403111256/tools/bin/../lib/gcc/arm-none-eabi/12.3.1/thumb/v8-m.main+fp/hard\libgcc.a(_arm_addsubdf3.o)
                0x08000288                __aeabi_drsub
                0x08000290                __aeabi_dsub
                0x08000290                __subdf3
                0x08000294                __aeabi_dadd
                0x08000294                __adddf3
                0x0800050c                __floatunsidf
                0x0800050c                __aeabi_ui2d
                0x0800052c                __floatsidf
                0x0800052c                __aeabi_i2d
                0x08000550                __aeabi_f2d
                0x08000550                __extendsfdf2
                0x08000594                __floatundidf
                0x08000594                __aeabi_ul2d
                0x080005a4                __floatdidf
                0x080005a4                __aeabi_l2d
 .text          0x08000600      0x21c C:/ST/STM32CubeIDE_1.15.1/STM32CubeIDE/plugins/com.st.stm32cube.ide.mcu.externaltools.gnu-tools-for-stm32.12.3.rel1.win32_1.0.100.202403111256/tools/bin/../lib/gcc/arm-none-eabi/12.3.1/thumb/v8-m.main+fp/hard\libgcc.a(_arm_addsubsf3.o)
                0x08000600                __aeabi_frsub
                0x08000608                __subsf3
                0x08000608                __aeabi_fsub
                0x0800060c                __aeabi_fadd
                0x0800060c                __addsf3
                0x0800076c                __aeabi_ui2f
                0x0800076c                __floatunsisf
                0x08000774                __aeabi_i2f
                0x08000774                __floatsisf
                0x08000790                __aeabi_ul2f
                0x08000790                __floatundisf
                0x080007a0                __aeabi_l2f
                0x080007a0                __floatdisf
 .text          0x0800081c       0x30 C:/ST/STM32CubeIDE_1.15.1/STM32CubeIDE/plugins/com.st.stm32cube.ide.mcu.externaltools.gnu-tools-for-stm32.12.3.rel1.win32_1.0.100.202403111256/tools/bin/../lib/gcc/arm-none-eabi/12.3.1/thumb/v8-m.main+fp/hard\libgcc.a(_aeabi_uldivmod.o)
                0x0800081c                __aeabi_uldivmod
 .text          0x0800084c      0x2e4 C:/ST/STM32CubeIDE_1.15.1/STM32CubeIDE/plugins/com.st.stm32cube.ide.mcu.externaltools.gnu-tools-for-stm32.12.3.rel1.win32_1.0.100.202403111256/tools/bin/../lib/gcc/arm-none-eabi/12.3.1/thumb/v8-m.main+fp/hard\libgcc.a(_udivmoddi4.o)
                0x0800084c                __udivmoddi4
 .text          0x08000b30        0x4 C:/ST/STM32CubeIDE_1.15.1/STM32CubeIDE/plugins/com.st.stm32cube.ide.mcu.externaltools.gnu-tools-for-stm32.12.3.rel1.win32_1.0.100.202403111256/tools/bin/../lib/gcc/arm-none-eabi/12.3.1/thumb/v8-m.main+fp/hard\libgcc.a(_dvmd_tls.o)
                0x08000b30                __aeabi_idiv0
                0x08000b30                __aeabi_ldiv0
 *(.text*)
 .text.MX_GPIO_Disable
                0x08000b34       0xa4 ./Core/Src/main.o
                0x08000b34                MX_GPIO_Disable
 .text.MX_UARTx_DeInit
                0x08000bd8       0x44 ./Core/Src/main.o
                0x08000bd8                MX_UARTx_DeInit
 .text.main     0x08000c1c       0x26 ./Core/Src/main.o
                0x08000c1c                main
 .text.SystemClock_Config
                0x08000c42       0xb4 ./Core/Src/main.o
                0x08000c42                SystemClock_Config
 .text.SystemPower_Config
                0x08000cf6       0x18 ./Core/Src/main.o
 *fill*         0x08000d0e        0x2 
 .text.MX_CRC_Init
                0x08000d10       0x44 ./Core/Src/main.o
 .text.MX_ICACHE_Init
                0x08000d54       0x26 ./Core/Src/main.o
 *fill*         0x08000d7a        0x2 
 .text.MX_USART1_UART_Init
                0x08000d7c       0x98 ./Core/Src/main.o
                0x08000d7c                MX_USART1_UART_Init
 .text.MX_GPIO_Init
                0x08000e14      0x23c ./Core/Src/main.o
 .text.Error_Handler
                0x08001050        0xc ./Core/Src/main.o
                0x08001050                Error_Handler
 .text.HAL_MspInit
                0x0800105c       0x34 ./Core/Src/stm32u5xx_hal_msp.o
                0x0800105c                HAL_MspInit
 .text.HAL_CRC_MspInit
                0x08001090       0x44 ./Core/Src/stm32u5xx_hal_msp.o
                0x08001090                HAL_CRC_MspInit
 .text.HAL_UART_MspInit
                0x080010d4       0xfc ./Core/Src/stm32u5xx_hal_msp.o
                0x080010d4                HAL_UART_MspInit
 .text.HAL_UART_MspDeInit
                0x080011d0       0x40 ./Core/Src/stm32u5xx_hal_msp.o
                0x080011d0                HAL_UART_MspDeInit
 .text.NMI_Handler
                0x08001210        0x8 ./Core/Src/stm32u5xx_it.o
                0x08001210                NMI_Handler
 .text.HardFault_Handler
                0x08001218        0x8 ./Core/Src/stm32u5xx_it.o
                0x08001218                HardFault_Handler
 .text.MemManage_Handler
                0x08001220        0x8 ./Core/Src/stm32u5xx_it.o
                0x08001220                MemManage_Handler
 .text.BusFault_Handler
                0x08001228        0x8 ./Core/Src/stm32u5xx_it.o
                0x08001228                BusFault_Handler
 .text.UsageFault_Handler
                0x08001230        0x8 ./Core/Src/stm32u5xx_it.o
                0x08001230                UsageFault_Handler
 .text.SVC_Handler
                0x08001238        0xe ./Core/Src/stm32u5xx_it.o
                0x08001238                SVC_Handler
 .text.DebugMon_Handler
                0x08001246        0xe ./Core/Src/stm32u5xx_it.o
                0x08001246                DebugMon_Handler
 .text.PendSV_Handler
                0x08001254        0xe ./Core/Src/stm32u5xx_it.o
                0x08001254                PendSV_Handler
 .text.SysTick_Handler
                0x08001262        0xc ./Core/Src/stm32u5xx_it.o
                0x08001262                SysTick_Handler
 .text._getpid  0x0800126e       0x10 ./Core/Src/syscalls.o
                0x0800126e                _getpid
 .text._kill    0x0800127e       0x20 ./Core/Src/syscalls.o
                0x0800127e                _kill
 .text._exit    0x0800129e       0x16 ./Core/Src/syscalls.o
                0x0800129e                _exit
 .text._read    0x080012b4       0x3a ./Core/Src/syscalls.o
                0x080012b4                _read
 .text._close   0x080012ee       0x18 ./Core/Src/syscalls.o
                0x080012ee                _close
 .text._fstat   0x08001306       0x20 ./Core/Src/syscalls.o
                0x08001306                _fstat
 .text._isatty  0x08001326       0x16 ./Core/Src/syscalls.o
                0x08001326                _isatty
 .text._lseek   0x0800133c       0x1a ./Core/Src/syscalls.o
                0x0800133c                _lseek
 *fill*         0x08001356        0x2 
 .text._sbrk    0x08001358       0x6c ./Core/Src/sysmem.o
                0x08001358                _sbrk
 .text.SystemInit
                0x080013c4       0x70 ./Core/Src/system_stm32u5xx.o
                0x080013c4                SystemInit
 .text.Reset_Handler
                0x08001434       0x50 ./Core/Startup/startup_stm32u585aiixq.o
                0x08001434                Reset_Handler
 .text.Default_Handler
                0x08001484        0x2 ./Core/Startup/startup_stm32u585aiixq.o
                0x08001484                EXTI2_IRQHandler
                0x08001484                TIM8_TRG_COM_IRQHandler
                0x08001484                TIM8_CC_IRQHandler
                0x08001484                EXTI5_IRQHandler
                0x08001484                FLASH_S_IRQHandler
                0x08001484                EXTI13_IRQHandler
                0x08001484                TIM1_CC_IRQHandler
                0x08001484                TSC_IRQHandler
                0x08001484                TAMP_IRQHandler
                0x08001484                TIM6_IRQHandler
                0x08001484                EXTI12_IRQHandler
                0x08001484                CORDIC_IRQHandler
                0x08001484                EXTI3_IRQHandler
                0x08001484                LPTIM4_IRQHandler
                0x08001484                GPDMA1_Channel5_IRQHandler
                0x08001484                EXTI8_IRQHandler
                0x08001484                LPTIM2_IRQHandler
                0x08001484                I2C3_ER_IRQHandler
                0x08001484                PWR_S3WU_IRQHandler
                0x08001484                MDF1_FLT2_IRQHandler
                0x08001484                LPDMA1_Channel3_IRQHandler
                0x08001484                LPTIM3_IRQHandler
                0x08001484                EXTI0_IRQHandler
                0x08001484                I2C2_EV_IRQHandler
                0x08001484                FPU_IRQHandler
                0x08001484                GPDMA1_Channel3_IRQHandler
                0x08001484                GPDMA1_Channel7_IRQHandler
                0x08001484                MDF1_FLT4_IRQHandler
                0x08001484                FDCAN1_IT1_IRQHandler
                0x08001484                RAMCFG_IRQHandler
                0x08001484                GPDMA1_Channel9_IRQHandler
                0x08001484                DCACHE1_IRQHandler
                0x08001484                SPI1_IRQHandler
                0x08001484                OCTOSPI1_IRQHandler
                0x08001484                GPDMA1_Channel2_IRQHandler
                0x08001484                TIM8_UP_IRQHandler
                0x08001484                RCC_S_IRQHandler
                0x08001484                OCTOSPI2_IRQHandler
                0x08001484                SAI2_IRQHandler
                0x08001484                MDF1_FLT1_IRQHandler
                0x08001484                ADC1_IRQHandler
                0x08001484                PKA_IRQHandler
                0x08001484                MDF1_FLT5_IRQHandler
                0x08001484                EXTI15_IRQHandler
                0x08001484                TIM17_IRQHandler
                0x08001484                USART3_IRQHandler
                0x08001484                RTC_IRQHandler
                0x08001484                EXTI9_IRQHandler
                0x08001484                UART5_IRQHandler
                0x08001484                TIM4_IRQHandler
                0x08001484                I2C1_EV_IRQHandler
                0x08001484                GPDMA1_Channel12_IRQHandler
                0x08001484                GPDMA1_Channel1_IRQHandler
                0x08001484                TIM16_IRQHandler
                0x08001484                GPDMA1_Channel15_IRQHandler
                0x08001484                UART4_IRQHandler
                0x08001484                SecureFault_Handler
                0x08001484                TIM3_IRQHandler
                0x08001484                RCC_IRQHandler
                0x08001484                TIM1_TRG_COM_IRQHandler
                0x08001484                Default_Handler
                0x08001484                GPDMA1_Channel8_IRQHandler
                0x08001484                FMAC_IRQHandler
                0x08001484                OTFDEC1_IRQHandler
                0x08001484                GPDMA1_Channel11_IRQHandler
                0x08001484                TIM7_IRQHandler
                0x08001484                SDMMC1_IRQHandler
                0x08001484                SAES_IRQHandler
                0x08001484                TIM5_IRQHandler
                0x08001484                UCPD1_IRQHandler
                0x08001484                GPDMA1_Channel0_IRQHandler
                0x08001484                TIM15_IRQHandler
                0x08001484                I2C3_EV_IRQHandler
                0x08001484                LPDMA1_Channel0_IRQHandler
                0x08001484                PVD_PVM_IRQHandler
                0x08001484                SPI2_IRQHandler
                0x08001484                LPDMA1_Channel1_IRQHandler
                0x08001484                EXTI14_IRQHandler
                0x08001484                EXTI11_IRQHandler
                0x08001484                OTFDEC2_IRQHandler
                0x08001484                CRS_IRQHandler
                0x08001484                GPDMA1_Channel14_IRQHandler
                0x08001484                LSECSSD_IRQHandler
                0x08001484                EXTI4_IRQHandler
                0x08001484                RTC_S_IRQHandler
                0x08001484                GPDMA1_Channel13_IRQHandler
                0x08001484                RNG_IRQHandler
                0x08001484                COMP_IRQHandler
                0x08001484                TIM1_UP_IRQHandler
                0x08001484                ADC4_IRQHandler
                0x08001484                WWDG_IRQHandler
                0x08001484                I2C4_EV_IRQHandler
                0x08001484                ADF1_IRQHandler
                0x08001484                IWDG_IRQHandler
                0x08001484                LPUART1_IRQHandler
                0x08001484                MDF1_FLT0_IRQHandler
                0x08001484                FDCAN1_IT0_IRQHandler
                0x08001484                TIM2_IRQHandler
                0x08001484                GPDMA1_Channel4_IRQHandler
                0x08001484                EXTI7_IRQHandler
                0x08001484                DMA2D_IRQHandler
                0x08001484                TIM1_BRK_IRQHandler
                0x08001484                EXTI1_IRQHandler
                0x08001484                SDMMC2_IRQHandler
                0x08001484                AES_IRQHandler
                0x08001484                DAC1_IRQHandler
                0x08001484                GTZC_IRQHandler
                0x08001484                MDF1_FLT3_IRQHandler
                0x08001484                USART2_IRQHandler
                0x08001484                GPDMA1_Channel6_IRQHandler
                0x08001484                I2C2_ER_IRQHandler
                0x08001484                TIM8_BRK_IRQHandler
                0x08001484                FLASH_IRQHandler
                0x08001484                USART1_IRQHandler
                0x08001484                EXTI10_IRQHandler
                0x08001484                OTG_FS_IRQHandler
                0x08001484                SPI3_IRQHandler
                0x08001484                LPDMA1_Channel2_IRQHandler
                0x08001484                I2C1_ER_IRQHandler
                0x08001484                FMC_IRQHandler
                0x08001484                EXTI6_IRQHandler
                0x08001484                LPTIM1_IRQHandler
                0x08001484                DCMI_PSSI_IRQHandler
                0x08001484                I2C4_ER_IRQHandler
                0x08001484                GPDMA1_Channel10_IRQHandler
                0x08001484                ICACHE_IRQHandler
                0x08001484                SAI1_IRQHandler
                0x08001484                HASH_IRQHandler
 *fill*         0x08001486        0x2 
 .text.HAL_Init
                0x08001488       0x60 ./Drivers/STM32U5xx_HAL_Driver/stm32u5xx_hal.o
                0x08001488                HAL_Init
 .text.HAL_InitTick
                0x080014e8       0xec ./Drivers/STM32U5xx_HAL_Driver/stm32u5xx_hal.o
                0x080014e8                HAL_InitTick
 .text.HAL_IncTick
                0x080015d4       0x28 ./Drivers/STM32U5xx_HAL_Driver/stm32u5xx_hal.o
                0x080015d4                HAL_IncTick
 .text.HAL_GetTick
                0x080015fc       0x18 ./Drivers/STM32U5xx_HAL_Driver/stm32u5xx_hal.o
                0x080015fc                HAL_GetTick
 .text.HAL_Delay
                0x08001614       0x48 ./Drivers/STM32U5xx_HAL_Driver/stm32u5xx_hal.o
                0x08001614                HAL_Delay
 .text.HAL_GetHalVersion
                0x0800165c       0x14 ./Drivers/STM32U5xx_HAL_Driver/stm32u5xx_hal.o
                0x0800165c                HAL_GetHalVersion
 .text.HAL_GetREVID
                0x08001670       0x1c ./Drivers/STM32U5xx_HAL_Driver/stm32u5xx_hal.o
                0x08001670                HAL_GetREVID
 .text.HAL_GetDEVID
                0x0800168c       0x1c ./Drivers/STM32U5xx_HAL_Driver/stm32u5xx_hal.o
                0x0800168c                HAL_GetDEVID
 .text.__NVIC_SetPriorityGrouping
                0x080016a8       0x48 ./Drivers/STM32U5xx_HAL_Driver/stm32u5xx_hal_cortex.o
 .text.__NVIC_GetPriorityGrouping
                0x080016f0       0x1c ./Drivers/STM32U5xx_HAL_Driver/stm32u5xx_hal_cortex.o
 .text.__NVIC_SetPriority
                0x0800170c       0x54 ./Drivers/STM32U5xx_HAL_Driver/stm32u5xx_hal_cortex.o
 .text.NVIC_EncodePriority
                0x08001760       0x66 ./Drivers/STM32U5xx_HAL_Driver/stm32u5xx_hal_cortex.o
 .text.HAL_NVIC_SetPriorityGrouping
                0x080017c6       0x16 ./Drivers/STM32U5xx_HAL_Driver/stm32u5xx_hal_cortex.o
                0x080017c6                HAL_NVIC_SetPriorityGrouping
 .text.HAL_NVIC_SetPriority
                0x080017dc       0x34 ./Drivers/STM32U5xx_HAL_Driver/stm32u5xx_hal_cortex.o
                0x080017dc                HAL_NVIC_SetPriority
 .text.HAL_SYSTICK_Config
                0x08001810       0x44 ./Drivers/STM32U5xx_HAL_Driver/stm32u5xx_hal_cortex.o
                0x08001810                HAL_SYSTICK_Config
 .text.HAL_SYSTICK_CLKSourceConfig
                0x08001854       0xb0 ./Drivers/STM32U5xx_HAL_Driver/stm32u5xx_hal_cortex.o
                0x08001854                HAL_SYSTICK_CLKSourceConfig
 .text.HAL_SYSTICK_GetCLKSourceConfig
                0x08001904       0x74 ./Drivers/STM32U5xx_HAL_Driver/stm32u5xx_hal_cortex.o
                0x08001904                HAL_SYSTICK_GetCLKSourceConfig
 .text.HAL_CRC_Init
                0x08001978       0xc8 ./Drivers/STM32U5xx_HAL_Driver/stm32u5xx_hal_crc.o
                0x08001978                HAL_CRC_Init
 .text.HAL_CRCEx_Polynomial_Set
                0x08001a40      0x11c ./Drivers/STM32U5xx_HAL_Driver/stm32u5xx_hal_crc_ex.o
                0x08001a40                HAL_CRCEx_Polynomial_Set
 .text.HAL_GPIO_Init
                0x08001b5c      0x3b0 ./Drivers/STM32U5xx_HAL_Driver/stm32u5xx_hal_gpio.o
                0x08001b5c                HAL_GPIO_Init
 .text.HAL_GPIO_DeInit
                0x08001f0c      0x1bc ./Drivers/STM32U5xx_HAL_Driver/stm32u5xx_hal_gpio.o
                0x08001f0c                HAL_GPIO_DeInit
 .text.HAL_ICACHE_ConfigAssociativityMode
                0x080020c8       0x40 ./Drivers/STM32U5xx_HAL_Driver/stm32u5xx_hal_icache.o
                0x080020c8                HAL_ICACHE_ConfigAssociativityMode
 .text.HAL_ICACHE_Enable
                0x08002108       0x20 ./Drivers/STM32U5xx_HAL_Driver/stm32u5xx_hal_icache.o
                0x08002108                HAL_ICACHE_Enable
 .text.HAL_PWREx_ControlVoltageScaling
                0x08002128       0xfc ./Drivers/STM32U5xx_HAL_Driver/stm32u5xx_hal_pwr_ex.o
                0x08002128                HAL_PWREx_ControlVoltageScaling
 .text.HAL_PWREx_GetVoltageRange
                0x08002224       0x1c ./Drivers/STM32U5xx_HAL_Driver/stm32u5xx_hal_pwr_ex.o
                0x08002224                HAL_PWREx_GetVoltageRange
 .text.HAL_PWREx_ConfigSupply
                0x08002240       0xa0 ./Drivers/STM32U5xx_HAL_Driver/stm32u5xx_hal_pwr_ex.o
                0x08002240                HAL_PWREx_ConfigSupply
 .text.HAL_RCC_OscConfig
                0x080022e0      0xdb8 ./Drivers/STM32U5xx_HAL_Driver/stm32u5xx_hal_rcc.o
                0x080022e0                HAL_RCC_OscConfig
 .text.HAL_RCC_ClockConfig
                0x08003098      0x3e4 ./Drivers/STM32U5xx_HAL_Driver/stm32u5xx_hal_rcc.o
                0x08003098                HAL_RCC_ClockConfig
 .text.HAL_RCC_GetSysClockFreq
                0x0800347c      0x204 ./Drivers/STM32U5xx_HAL_Driver/stm32u5xx_hal_rcc.o
                0x0800347c                HAL_RCC_GetSysClockFreq
 .text.HAL_RCC_GetHCLKFreq
                0x08003680       0x34 ./Drivers/STM32U5xx_HAL_Driver/stm32u5xx_hal_rcc.o
                0x08003680                HAL_RCC_GetHCLKFreq
 .text.HAL_RCC_GetPCLK1Freq
                0x080036b4       0x28 ./Drivers/STM32U5xx_HAL_Driver/stm32u5xx_hal_rcc.o
                0x080036b4                HAL_RCC_GetPCLK1Freq
 .text.HAL_RCC_GetPCLK2Freq
                0x080036dc       0x28 ./Drivers/STM32U5xx_HAL_Driver/stm32u5xx_hal_rcc.o
                0x080036dc                HAL_RCC_GetPCLK2Freq
 .text.HAL_RCC_GetPCLK3Freq
                0x08003704       0x28 ./Drivers/STM32U5xx_HAL_Driver/stm32u5xx_hal_rcc.o
                0x08003704                HAL_RCC_GetPCLK3Freq
 .text.RCC_SetFlashLatencyFromMSIRange
                0x0800372c      0x10c ./Drivers/STM32U5xx_HAL_Driver/stm32u5xx_hal_rcc.o
 .text.HAL_RCCEx_PeriphCLKConfig
                0x08003838      0xb80 ./Drivers/STM32U5xx_HAL_Driver/stm32u5xx_hal_rcc_ex.o
                0x08003838                HAL_RCCEx_PeriphCLKConfig
 .text.HAL_RCCEx_GetPLL1ClockFreq
                0x080043b8      0x2b4 ./Drivers/STM32U5xx_HAL_Driver/stm32u5xx_hal_rcc_ex.o
                0x080043b8                HAL_RCCEx_GetPLL1ClockFreq
 .text.HAL_RCCEx_GetPLL2ClockFreq
                0x0800466c      0x2b4 ./Drivers/STM32U5xx_HAL_Driver/stm32u5xx_hal_rcc_ex.o
                0x0800466c                HAL_RCCEx_GetPLL2ClockFreq
 .text.HAL_RCCEx_GetPLL3ClockFreq
                0x08004920      0x2b4 ./Drivers/STM32U5xx_HAL_Driver/stm32u5xx_hal_rcc_ex.o
                0x08004920                HAL_RCCEx_GetPLL3ClockFreq
 .text.HAL_RCCEx_GetPeriphCLKFreq
                0x08004bd4     0x13c4 ./Drivers/STM32U5xx_HAL_Driver/stm32u5xx_hal_rcc_ex.o
                0x08004bd4                HAL_RCCEx_GetPeriphCLKFreq
 .text.RCCEx_PLL2_Config
                0x08005f98      0x130 ./Drivers/STM32U5xx_HAL_Driver/stm32u5xx_hal_rcc_ex.o
 .text.RCCEx_PLL3_Config
                0x080060c8      0x130 ./Drivers/STM32U5xx_HAL_Driver/stm32u5xx_hal_rcc_ex.o
 .text.HAL_UART_Init
                0x080061f8       0xa0 ./Drivers/STM32U5xx_HAL_Driver/stm32u5xx_hal_uart.o
                0x080061f8                HAL_UART_Init
 .text.HAL_UART_DeInit
                0x08006298       0x7e ./Drivers/STM32U5xx_HAL_Driver/stm32u5xx_hal_uart.o
                0x08006298                HAL_UART_DeInit
 .text.HAL_UART_Transmit
                0x08006316      0x13c ./Drivers/STM32U5xx_HAL_Driver/stm32u5xx_hal_uart.o
                0x08006316                HAL_UART_Transmit
 .text.HAL_UART_Receive
                0x08006452      0x1ae ./Drivers/STM32U5xx_HAL_Driver/stm32u5xx_hal_uart.o
                0x08006452                HAL_UART_Receive
 .text.UART_SetConfig
                0x08006600      0x344 ./Drivers/STM32U5xx_HAL_Driver/stm32u5xx_hal_uart.o
                0x08006600                UART_SetConfig
 .text.UART_AdvFeatureConfig
                0x08006944      0x144 ./Drivers/STM32U5xx_HAL_Driver/stm32u5xx_hal_uart.o
                0x08006944                UART_AdvFeatureConfig
 .text.UART_CheckIdleState
                0x08006a88      0x154 ./Drivers/STM32U5xx_HAL_Driver/stm32u5xx_hal_uart.o
                0x08006a88                UART_CheckIdleState
 .text.UART_WaitOnFlagUntilTimeout
                0x08006bdc       0xda ./Drivers/STM32U5xx_HAL_Driver/stm32u5xx_hal_uart.o
                0x08006bdc                UART_WaitOnFlagUntilTimeout
 .text.UART_EndRxTransfer
                0x08006cb6       0xcc ./Drivers/STM32U5xx_HAL_Driver/stm32u5xx_hal_uart.o
 .text.HAL_UARTEx_DisableFifoMode
                0x08006d82       0x72 ./Drivers/STM32U5xx_HAL_Driver/stm32u5xx_hal_uart_ex.o
                0x08006d82                HAL_UARTEx_DisableFifoMode
 .text.HAL_UARTEx_SetTxFifoThreshold
                0x08006df4       0x7c ./Drivers/STM32U5xx_HAL_Driver/stm32u5xx_hal_uart_ex.o
                0x08006df4                HAL_UARTEx_SetTxFifoThreshold
 .text.HAL_UARTEx_SetRxFifoThreshold
                0x08006e70       0x7c ./Drivers/STM32U5xx_HAL_Driver/stm32u5xx_hal_uart_ex.o
                0x08006e70                HAL_UARTEx_SetRxFifoThreshold
 .text.UARTEx_SetNbDataToProcess
                0x08006eec       0x9c ./Drivers/STM32U5xx_HAL_Driver/stm32u5xx_hal_uart_ex.o
 .text.dwtReset
                0x08006f88       0x18 ./X-CUBE-AI/App/aiSystemPerformance.o
 .text.dwtGetCycles
                0x08006fa0       0x18 ./X-CUBE-AI/App/aiSystemPerformance.o
 .text.cyclesCounterInit
                0x08006fb8       0x3c ./X-CUBE-AI/App/aiSystemPerformance.o
 .text.cyclesCounterStart
                0x08006ff4       0x24 ./X-CUBE-AI/App/aiSystemPerformance.o
 .text.cyclesCounterEnd
                0x08007018       0xe4 ./X-CUBE-AI/App/aiSystemPerformance.o
 .text.disableInts
                0x080070fc       0x22 ./X-CUBE-AI/App/aiSystemPerformance.o
 *fill*         0x0800711e        0x2 
 .text.aiBootstrap
                0x08007120      0x160 ./X-CUBE-AI/App/aiSystemPerformance.o
 .text.aiInit   0x08007280       0x9c ./X-CUBE-AI/App/aiSystemPerformance.o
 .text.aiDeInit
                0x0800731c       0x98 ./X-CUBE-AI/App/aiSystemPerformance.o
 .text.user_observer_cb
                0x080073b4      0x116 ./X-CUBE-AI/App/aiSystemPerformance.o
 *fill*         0x080074ca        0x2 
 .text.aiObserverInit
                0x080074cc       0xc4 ./X-CUBE-AI/App/aiSystemPerformance.o
                0x080074cc                aiObserverInit
 .text.aiObserverDone
                0x08007590      0x2b4 ./X-CUBE-AI/App/aiSystemPerformance.o
                0x08007590                aiObserverDone
 .text.aiTestPerformance
                0x08007844      0xaec ./X-CUBE-AI/App/aiSystemPerformance.o
 .text.aiTestConsole
                0x08008330       0x92 ./X-CUBE-AI/App/aiSystemPerformance.o
 *fill*         0x080083c2        0x2 
 .text.aiSystemPerformanceInit
                0x080083c4       0x48 ./X-CUBE-AI/App/aiSystemPerformance.o
                0x080083c4                aiSystemPerformanceInit
 .text.aiSystemPerformanceProcess
                0x0800840c      0x188 ./X-CUBE-AI/App/aiSystemPerformance.o
                0x0800840c                aiSystemPerformanceProcess
 .text.aiPlatformVersion
                0x08008594       0x28 ./X-CUBE-AI/App/aiTestHelper.o
                0x08008594                aiPlatformVersion
 .text.aiLogErr
                0x080085bc       0x48 ./X-CUBE-AI/App/aiTestHelper.o
                0x080085bc                aiLogErr
 .text.aiPrintLayoutBuffer
                0x08008604      0x3e4 ./X-CUBE-AI/App/aiTestHelper.o
                0x08008604                aiPrintLayoutBuffer
 .text.aiPrintNetworkInfo
                0x080089e8      0x1bc ./X-CUBE-AI/App/aiTestHelper.o
                0x080089e8                aiPrintNetworkInfo
 .text.dwtReset
                0x08008ba4       0x18 ./X-CUBE-AI/App/aiTestUtility.o
 .text.dwtGetCycles
                0x08008bbc       0x18 ./X-CUBE-AI/App/aiTestUtility.o
 .text.ioRawGetUint8
                0x08008bd4       0x4c ./X-CUBE-AI/App/aiTestUtility.o
                0x08008bd4                ioRawGetUint8
 .text._write   0x08008c20       0x6c ./X-CUBE-AI/App/aiTestUtility.o
                0x08008c20                _write
 .text.stackMonInit
                0x08008c8c       0xac ./X-CUBE-AI/App/aiTestUtility.o
                0x08008c8c                stackMonInit
 .text.crcIpInit
                0x08008d38       0x48 ./X-CUBE-AI/App/aiTestUtility.o
 .text.dwtIpInit
                0x08008d80       0x38 ./X-CUBE-AI/App/aiTestUtility.o
                0x08008d80                dwtIpInit
 .text.systemCoreClock
                0x08008db8        0xe ./X-CUBE-AI/App/aiTestUtility.o
                0x08008db8                systemCoreClock
 .text.dwtCyclesToTime
                0x08008dc6      0x350 ./X-CUBE-AI/App/aiTestUtility.o
                0x08008dc6                dwtCyclesToTime
 *fill*         0x08009116        0x2 
 .text.devIdToStr
                0x08009118      0x238 ./X-CUBE-AI/App/aiTestUtility.o
 .text.bitToStr
                0x08009350       0x28 ./X-CUBE-AI/App/aiTestUtility.o
 .text.systemSettingLog
                0x08009378      0x1b8 ./X-CUBE-AI/App/aiTestUtility.o
                0x08009378                systemSettingLog
 .text.MX_X_CUBE_AI_Init
                0x08009530       0x10 ./X-CUBE-AI/App/app_x-cube-ai.o
                0x08009530                MX_X_CUBE_AI_Init
 .text.MX_X_CUBE_AI_Process
                0x08009540       0x14 ./X-CUBE-AI/App/app_x-cube-ai.o
                0x08009540                MX_X_CUBE_AI_Process
 .text.ai_mnetwork_is_valid
                0x08009554       0x56 ./X-CUBE-AI/App/app_x-cube-ai.o
 *fill*         0x080095aa        0x2 
 .text.ai_mnetwork_handle
                0x080095ac       0x74 ./X-CUBE-AI/App/app_x-cube-ai.o
 .text.ai_mnetwork_release_handle
                0x08009620       0x58 ./X-CUBE-AI/App/app_x-cube-ai.o
 .text.ai_mnetwork_find
                0x08009678       0x60 ./X-CUBE-AI/App/app_x-cube-ai.o
                0x08009678                ai_mnetwork_find
 .text.ai_mnetwork_create
                0x080096d8       0xd8 ./X-CUBE-AI/App/app_x-cube-ai.o
                0x080096d8                ai_mnetwork_create
 .text.ai_mnetwork_destroy
                0x080097b0       0x44 ./X-CUBE-AI/App/app_x-cube-ai.o
                0x080097b0                ai_mnetwork_destroy
 .text.ai_mnetwork_get_info
                0x080097f4       0x36 ./X-CUBE-AI/App/app_x-cube-ai.o
                0x080097f4                ai_mnetwork_get_info
 .text.ai_mnetwork_get_error
                0x0800982a       0x40 ./X-CUBE-AI/App/app_x-cube-ai.o
                0x0800982a                ai_mnetwork_get_error
 .text.ai_mnetwork_init
                0x0800986a       0xa2 ./X-CUBE-AI/App/app_x-cube-ai.o
                0x0800986a                ai_mnetwork_init
 .text.ai_mnetwork_run
                0x0800990c       0x74 ./X-CUBE-AI/App/app_x-cube-ai.o
                0x0800990c                ai_mnetwork_run
 .text.ai_mnetwork_get_private_handle
                0x08009980       0x58 ./X-CUBE-AI/App/app_x-cube-ai.o
                0x08009980                ai_mnetwork_get_private_handle
 .text.ai_mnetwork_get_ext_data_activations
                0x080099d8       0x4a ./X-CUBE-AI/App/app_x-cube-ai.o
                0x080099d8                ai_mnetwork_get_ext_data_activations
 *fill*         0x08009a22        0x2 
 .text.network_configure_activations
                0x08009a24       0x94 ./X-CUBE-AI/App/network.o
 .text.network_configure_weights
                0x08009ab8       0xe8 ./X-CUBE-AI/App/network.o
 .text.ai_network_get_info
                0x08009ba0       0xcc ./X-CUBE-AI/App/network.o
                0x08009ba0                ai_network_get_info
 .text.ai_network_get_error
                0x08009c6c       0x18 ./X-CUBE-AI/App/network.o
                0x08009c6c                ai_network_get_error
 .text.ai_network_create
                0x08009c84       0x2c ./X-CUBE-AI/App/network.o
                0x08009c84                ai_network_create
 .text.ai_network_destroy
                0x08009cb0       0x18 ./X-CUBE-AI/App/network.o
                0x08009cb0                ai_network_destroy
 .text.ai_network_init
                0x08009cc8       0x7e ./X-CUBE-AI/App/network.o
                0x08009cc8                ai_network_init
 .text.ai_network_run
                0x08009d46       0x20 ./X-CUBE-AI/App/network.o
                0x08009d46                ai_network_run
 .text.ai_network_forward
                0x08009d66       0x1e ./X-CUBE-AI/App/network.o
                0x08009d66                ai_network_forward
 .text.ai_network_data_weights_get
                0x08009d84       0x14 ./X-CUBE-AI/App/network_data.o
                0x08009d84                ai_network_data_weights_get
 .text._platform_observer_node_exec_cb
                0x08009d98       0xec ../Middlewares/ST/AI/Lib\NetworkRuntime520_CM33_GCC.a(ai_platform_interface.o)
 .text.unlikely._ai_platform_get_io_buffers_info
                0x08009e84       0x9c ../Middlewares/ST/AI/Lib\NetworkRuntime520_CM33_GCC.a(ai_platform_interface.o)
 .text.unlikely._platform_network_state_setup.isra.1
                0x08009f20       0x3e ../Middlewares/ST/AI/Lib\NetworkRuntime520_CM33_GCC.a(ai_platform_interface.o)
 *fill*         0x08009f5e        0x2 
 .text.ai_platform_runtime_get_revision
                0x08009f60       0x4c ../Middlewares/ST/AI/Lib\NetworkRuntime520_CM33_GCC.a(ai_platform_interface.o)
                0x08009f60                ai_platform_runtime_get_revision
 .text.ai_platform_runtime_get_version
                0x08009fac       0x6c ../Middlewares/ST/AI/Lib\NetworkRuntime520_CM33_GCC.a(ai_platform_interface.o)
                0x08009fac                ai_platform_runtime_get_version
 .text.ai_platform_api_get_version
                0x0800a018       0x6c ../Middlewares/ST/AI/Lib\NetworkRuntime520_CM33_GCC.a(ai_platform_interface.o)
                0x0800a018                ai_platform_api_get_version
 .text.ai_platform_interface_api_get_version
                0x0800a084       0x6c ../Middlewares/ST/AI/Lib\NetworkRuntime520_CM33_GCC.a(ai_platform_interface.o)
                0x0800a084                ai_platform_interface_api_get_version
 .text.ai_platform_context_acquire
                0x0800a0f0       0x54 ../Middlewares/ST/AI/Lib\NetworkRuntime520_CM33_GCC.a(ai_platform_interface.o)
                0x0800a0f0                ai_platform_context_acquire
 .text.ai_platform_network_get_error
                0x0800a144       0x60 ../Middlewares/ST/AI/Lib\NetworkRuntime520_CM33_GCC.a(ai_platform_interface.o)
                0x0800a144                ai_platform_network_get_error
 .text.ai_platform_api_get_network_report
                0x0800a1a4      0x1e0 ../Middlewares/ST/AI/Lib\NetworkRuntime520_CM33_GCC.a(ai_platform_interface.o)
                0x0800a1a4                ai_platform_api_get_network_report
 .text.ai_platform_network_create
                0x0800a384       0xb4 ../Middlewares/ST/AI/Lib\NetworkRuntime520_CM33_GCC.a(ai_platform_interface.o)
                0x0800a384                ai_platform_network_create
 .text.ai_platform_network_destroy
                0x0800a438       0x60 ../Middlewares/ST/AI/Lib\NetworkRuntime520_CM33_GCC.a(ai_platform_interface.o)
                0x0800a438                ai_platform_network_destroy
 .text.ai_platform_network_init
                0x0800a498      0x100 ../Middlewares/ST/AI/Lib\NetworkRuntime520_CM33_GCC.a(ai_platform_interface.o)
                0x0800a498                ai_platform_network_init
 .text.ai_platform_network_post_init
                0x0800a598       0x90 ../Middlewares/ST/AI/Lib\NetworkRuntime520_CM33_GCC.a(ai_platform_interface.o)
                0x0800a598                ai_platform_network_post_init
 .text.ai_platform_network_process
                0x0800a628      0x418 ../Middlewares/ST/AI/Lib\NetworkRuntime520_CM33_GCC.a(ai_platform_interface.o)
                0x0800a628                ai_platform_network_process
 .text.ai_platform_observer_node_info
                0x0800aa40       0xe8 ../Middlewares/ST/AI/Lib\NetworkRuntime520_CM33_GCC.a(ai_platform_interface.o)
                0x0800aa40                ai_platform_observer_node_info
 .text.ai_platform_observer_register
                0x0800ab28       0xdc ../Middlewares/ST/AI/Lib\NetworkRuntime520_CM33_GCC.a(ai_platform_interface.o)
                0x0800ab28                ai_platform_observer_register
 .text.ai_platform_observer_unregister
                0x0800ac04       0x68 ../Middlewares/ST/AI/Lib\NetworkRuntime520_CM33_GCC.a(ai_platform_interface.o)
                0x0800ac04                ai_platform_observer_unregister
 .text.core_mem_alloc
                0x0800ac6c       0x1c ../Middlewares/ST/AI/Lib\NetworkRuntime520_CM33_GCC.a(core_mem_manager.o)
                0x0800ac6c                core_mem_alloc
 .text.core_mem_free
                0x0800ac88       0x20 ../Middlewares/ST/AI/Lib\NetworkRuntime520_CM33_GCC.a(core_mem_manager.o)
                0x0800ac88                core_mem_free
 .text.core_init
                0x0800aca8        0x4 ../Middlewares/ST/AI/Lib\NetworkRuntime520_CM33_GCC.a(core_common.o)
                0x0800aca8                core_init
 .text.core_get_error
                0x0800acac        0xc ../Middlewares/ST/AI/Lib\NetworkRuntime520_CM33_GCC.a(core_common.o)
                0x0800acac                core_get_error
 .text.core_set_error
                0x0800acb8       0x18 ../Middlewares/ST/AI/Lib\NetworkRuntime520_CM33_GCC.a(core_common.o)
                0x0800acb8                core_set_error
 .text.ai_dict8_dot_array_f32
                0x0800acd0      0x184 ../Middlewares/ST/AI/Lib\NetworkRuntime520_CM33_GCC.a(layers_conv2d_generic_float.o)
                0x0800acd0                ai_dict8_dot_array_f32
 .text.ai_dict4_dot_array_f32
                0x0800ae54      0x174 ../Middlewares/ST/AI/Lib\NetworkRuntime520_CM33_GCC.a(layers_conv2d_generic_float.o)
                0x0800ae54                ai_dict4_dot_array_f32
 .text.forward_dense
                0x0800afc8      0x448 ../Middlewares/ST/AI/Lib\NetworkRuntime520_CM33_GCC.a(layers_conv2d_generic_float.o)
                0x0800afc8                forward_dense
 .text.nl_func_relu_generic_array_f32
                0x0800b410       0xfc ../Middlewares/ST/AI/Lib\NetworkRuntime520_CM33_GCC.a(layers_nl_generic_float.o)
                0x0800b410                nl_func_relu_generic_array_f32
 .text.forward_relu
                0x0800b50c      0x110 ../Middlewares/ST/AI/Lib\NetworkRuntime520_CM33_GCC.a(layers_nl_generic_float.o)
                0x0800b50c                forward_relu
 .text.ai_check_custom_types
                0x0800b61c       0x54 ../Middlewares/ST/AI/Lib\NetworkRuntime520_CM33_GCC.a(layers.o)
                0x0800b61c                ai_check_custom_types
 .text.ai_layer_type_name
                0x0800b670      0x188 ../Middlewares/ST/AI/Lib\NetworkRuntime520_CM33_GCC.a(layers.o)
                0x0800b670                ai_layer_type_name
 .text.ai_layers_forward_all
                0x0800b7f8       0x74 ../Middlewares/ST/AI/Lib\NetworkRuntime520_CM33_GCC.a(layers.o)
                0x0800b7f8                ai_layers_forward_all
 .text.ai_array_to_buffer_fmt
                0x0800b86c       0x98 ../Middlewares/ST/AI/Lib\NetworkRuntime520_CM33_GCC.a(ai_datatypes_format.o)
                0x0800b86c                ai_array_to_buffer_fmt
 .text.ai_array_get_byte_size
                0x0800b904       0x44 ../Middlewares/ST/AI/Lib\NetworkRuntime520_CM33_GCC.a(ai_datatypes_format.o)
                0x0800b904                ai_array_get_byte_size
 .text.malloc   0x0800b948       0x10 C:/ST/STM32CubeIDE_1.15.1/STM32CubeIDE/plugins/com.st.stm32cube.ide.mcu.externaltools.gnu-tools-for-stm32.12.3.rel1.win32_1.0.100.202403111256/tools/bin/../lib/gcc/arm-none-eabi/12.3.1/../../../../arm-none-eabi/lib/thumb/v8-m.main+fp/hard\libc_nano.a(libc_a-malloc.o)
                0x0800b948                malloc
 .text.free     0x0800b958       0x10 C:/ST/STM32CubeIDE_1.15.1/STM32CubeIDE/plugins/com.st.stm32cube.ide.mcu.externaltools.gnu-tools-for-stm32.12.3.rel1.win32_1.0.100.202403111256/tools/bin/../lib/gcc/arm-none-eabi/12.3.1/../../../../arm-none-eabi/lib/thumb/v8-m.main+fp/hard\libc_nano.a(libc_a-malloc.o)
                0x0800b958                free
 .text.sbrk_aligned
                0x0800b968       0x44 C:/ST/STM32CubeIDE_1.15.1/STM32CubeIDE/plugins/com.st.stm32cube.ide.mcu.externaltools.gnu-tools-for-stm32.12.3.rel1.win32_1.0.100.202403111256/tools/bin/../lib/gcc/arm-none-eabi/12.3.1/../../../../arm-none-eabi/lib/thumb/v8-m.main+fp/hard\libc_nano.a(libc_a-mallocr.o)
 .text._malloc_r
                0x0800b9ac      0x100 C:/ST/STM32CubeIDE_1.15.1/STM32CubeIDE/plugins/com.st.stm32cube.ide.mcu.externaltools.gnu-tools-for-stm32.12.3.rel1.win32_1.0.100.202403111256/tools/bin/../lib/gcc/arm-none-eabi/12.3.1/../../../../arm-none-eabi/lib/thumb/v8-m.main+fp/hard\libc_nano.a(libc_a-mallocr.o)
                0x0800b9ac                _malloc_r
 .text.__malloc_lock
                0x0800baac        0xc C:/ST/STM32CubeIDE_1.15.1/STM32CubeIDE/plugins/com.st.stm32cube.ide.mcu.externaltools.gnu-tools-for-stm32.12.3.rel1.win32_1.0.100.202403111256/tools/bin/../lib/gcc/arm-none-eabi/12.3.1/../../../../arm-none-eabi/lib/thumb/v8-m.main+fp/hard\libc_nano.a(libc_a-mlock.o)
                0x0800baac                __malloc_lock
 .text.__malloc_unlock
                0x0800bab8        0xc C:/ST/STM32CubeIDE_1.15.1/STM32CubeIDE/plugins/com.st.stm32cube.ide.mcu.externaltools.gnu-tools-for-stm32.12.3.rel1.win32_1.0.100.202403111256/tools/bin/../lib/gcc/arm-none-eabi/12.3.1/../../../../arm-none-eabi/lib/thumb/v8-m.main+fp/hard\libc_nano.a(libc_a-mlock.o)
                0x0800bab8                __malloc_unlock
 .text.srand    0x0800bac4       0x5c C:/ST/STM32CubeIDE_1.15.1/STM32CubeIDE/plugins/com.st.stm32cube.ide.mcu.externaltools.gnu-tools-for-stm32.12.3.rel1.win32_1.0.100.202403111256/tools/bin/../lib/gcc/arm-none-eabi/12.3.1/../../../../arm-none-eabi/lib/thumb/v8-m.main+fp/hard\libc_nano.a(libc_a-rand.o)
                0x0800bac4                srand
 .text.rand     0x0800bb20       0x7c C:/ST/STM32CubeIDE_1.15.1/STM32CubeIDE/plugins/com.st.stm32cube.ide.mcu.externaltools.gnu-tools-for-stm32.12.3.rel1.win32_1.0.100.202403111256/tools/bin/../lib/gcc/arm-none-eabi/12.3.1/../../../../arm-none-eabi/lib/thumb/v8-m.main+fp/hard\libc_nano.a(libc_a-rand.o)
                0x0800bb20                rand
 .text.__sflush_r
                0x0800bb9c      0x108 C:/ST/STM32CubeIDE_1.15.1/STM32CubeIDE/plugins/com.st.stm32cube.ide.mcu.externaltools.gnu-tools-for-stm32.12.3.rel1.win32_1.0.100.202403111256/tools/bin/../lib/gcc/arm-none-eabi/12.3.1/../../../../arm-none-eabi/lib/thumb/v8-m.main+fp/hard\libc_nano.a(libc_a-fflush.o)
                0x0800bb9c                __sflush_r
 .text._fflush_r
                0x0800bca4       0x50 C:/ST/STM32CubeIDE_1.15.1/STM32CubeIDE/plugins/com.st.stm32cube.ide.mcu.externaltools.gnu-tools-for-stm32.12.3.rel1.win32_1.0.100.202403111256/tools/bin/../lib/gcc/arm-none-eabi/12.3.1/../../../../arm-none-eabi/lib/thumb/v8-m.main+fp/hard\libc_nano.a(libc_a-fflush.o)
                0x0800bca4                _fflush_r
 .text.fflush   0x0800bcf4       0x28 C:/ST/STM32CubeIDE_1.15.1/STM32CubeIDE/plugins/com.st.stm32cube.ide.mcu.externaltools.gnu-tools-for-stm32.12.3.rel1.win32_1.0.100.202403111256/tools/bin/../lib/gcc/arm-none-eabi/12.3.1/../../../../arm-none-eabi/lib/thumb/v8-m.main+fp/hard\libc_nano.a(libc_a-fflush.o)
                0x0800bcf4                fflush
 .text.std      0x0800bd1c       0x6c C:/ST/STM32CubeIDE_1.15.1/STM32CubeIDE/plugins/com.st.stm32cube.ide.mcu.externaltools.gnu-tools-for-stm32.12.3.rel1.win32_1.0.100.202403111256/tools/bin/../lib/gcc/arm-none-eabi/12.3.1/../../../../arm-none-eabi/lib/thumb/v8-m.main+fp/hard\libc_nano.a(libc_a-findfp.o)
 .text.stdio_exit_handler
                0x0800bd88       0x18 C:/ST/STM32CubeIDE_1.15.1/STM32CubeIDE/plugins/com.st.stm32cube.ide.mcu.externaltools.gnu-tools-for-stm32.12.3.rel1.win32_1.0.100.202403111256/tools/bin/../lib/gcc/arm-none-eabi/12.3.1/../../../../arm-none-eabi/lib/thumb/v8-m.main+fp/hard\libc_nano.a(libc_a-findfp.o)
 .text.cleanup_stdio
                0x0800bda0       0x40 C:/ST/STM32CubeIDE_1.15.1/STM32CubeIDE/plugins/com.st.stm32cube.ide.mcu.externaltools.gnu-tools-for-stm32.12.3.rel1.win32_1.0.100.202403111256/tools/bin/../lib/gcc/arm-none-eabi/12.3.1/../../../../arm-none-eabi/lib/thumb/v8-m.main+fp/hard\libc_nano.a(libc_a-findfp.o)
 .text.global_stdio_init.part.0
                0x0800bde0       0x3c C:/ST/STM32CubeIDE_1.15.1/STM32CubeIDE/plugins/com.st.stm32cube.ide.mcu.externaltools.gnu-tools-for-stm32.12.3.rel1.win32_1.0.100.202403111256/tools/bin/../lib/gcc/arm-none-eabi/12.3.1/../../../../arm-none-eabi/lib/thumb/v8-m.main+fp/hard\libc_nano.a(libc_a-findfp.o)
 .text.__sfp_lock_acquire
                0x0800be1c        0xc C:/ST/STM32CubeIDE_1.15.1/STM32CubeIDE/plugins/com.st.stm32cube.ide.mcu.externaltools.gnu-tools-for-stm32.12.3.rel1.win32_1.0.100.202403111256/tools/bin/../lib/gcc/arm-none-eabi/12.3.1/../../../../arm-none-eabi/lib/thumb/v8-m.main+fp/hard\libc_nano.a(libc_a-findfp.o)
                0x0800be1c                __sfp_lock_acquire
 .text.__sfp_lock_release
                0x0800be28        0xc C:/ST/STM32CubeIDE_1.15.1/STM32CubeIDE/plugins/com.st.stm32cube.ide.mcu.externaltools.gnu-tools-for-stm32.12.3.rel1.win32_1.0.100.202403111256/tools/bin/../lib/gcc/arm-none-eabi/12.3.1/../../../../arm-none-eabi/lib/thumb/v8-m.main+fp/hard\libc_nano.a(libc_a-findfp.o)
                0x0800be28                __sfp_lock_release
 .text.__sinit  0x0800be34       0x30 C:/ST/STM32CubeIDE_1.15.1/STM32CubeIDE/plugins/com.st.stm32cube.ide.mcu.externaltools.gnu-tools-for-stm32.12.3.rel1.win32_1.0.100.202403111256/tools/bin/../lib/gcc/arm-none-eabi/12.3.1/../../../../arm-none-eabi/lib/thumb/v8-m.main+fp/hard\libc_nano.a(libc_a-findfp.o)
                0x0800be34                __sinit
 .text._fwalk_sglue
                0x0800be64       0x3c C:/ST/STM32CubeIDE_1.15.1/STM32CubeIDE/plugins/com.st.stm32cube.ide.mcu.externaltools.gnu-tools-for-stm32.12.3.rel1.win32_1.0.100.202403111256/tools/bin/../lib/gcc/arm-none-eabi/12.3.1/../../../../arm-none-eabi/lib/thumb/v8-m.main+fp/hard\libc_nano.a(libc_a-fwalk.o)
                0x0800be64                _fwalk_sglue
 .text.printf   0x0800bea0       0x24 C:/ST/STM32CubeIDE_1.15.1/STM32CubeIDE/plugins/com.st.stm32cube.ide.mcu.externaltools.gnu-tools-for-stm32.12.3.rel1.win32_1.0.100.202403111256/tools/bin/../lib/gcc/arm-none-eabi/12.3.1/../../../../arm-none-eabi/lib/thumb/v8-m.main+fp/hard\libc_nano.a(libc_a-printf.o)
                0x0800bea0                iprintf
                0x0800bea0                printf
 .text.putchar  0x0800bec4       0x10 C:/ST/STM32CubeIDE_1.15.1/STM32CubeIDE/plugins/com.st.stm32cube.ide.mcu.externaltools.gnu-tools-for-stm32.12.3.rel1.win32_1.0.100.202403111256/tools/bin/../lib/gcc/arm-none-eabi/12.3.1/../../../../arm-none-eabi/lib/thumb/v8-m.main+fp/hard\libc_nano.a(libc_a-putchar.o)
                0x0800bec4                putchar
 .text._puts_r  0x0800bed4       0xaa C:/ST/STM32CubeIDE_1.15.1/STM32CubeIDE/plugins/com.st.stm32cube.ide.mcu.externaltools.gnu-tools-for-stm32.12.3.rel1.win32_1.0.100.202403111256/tools/bin/../lib/gcc/arm-none-eabi/12.3.1/../../../../arm-none-eabi/lib/thumb/v8-m.main+fp/hard\libc_nano.a(libc_a-puts.o)
                0x0800bed4                _puts_r
 *fill*         0x0800bf7e        0x2 
 .text.puts     0x0800bf80       0x10 C:/ST/STM32CubeIDE_1.15.1/STM32CubeIDE/plugins/com.st.stm32cube.ide.mcu.externaltools.gnu-tools-for-stm32.12.3.rel1.win32_1.0.100.202403111256/tools/bin/../lib/gcc/arm-none-eabi/12.3.1/../../../../arm-none-eabi/lib/thumb/v8-m.main+fp/hard\libc_nano.a(libc_a-puts.o)
                0x0800bf80                puts
 .text.__sread  0x0800bf90       0x22 C:/ST/STM32CubeIDE_1.15.1/STM32CubeIDE/plugins/com.st.stm32cube.ide.mcu.externaltools.gnu-tools-for-stm32.12.3.rel1.win32_1.0.100.202403111256/tools/bin/../lib/gcc/arm-none-eabi/12.3.1/../../../../arm-none-eabi/lib/thumb/v8-m.main+fp/hard\libc_nano.a(libc_a-stdio.o)
                0x0800bf90                __sread
 .text.__swrite
                0x0800bfb2       0x38 C:/ST/STM32CubeIDE_1.15.1/STM32CubeIDE/plugins/com.st.stm32cube.ide.mcu.externaltools.gnu-tools-for-stm32.12.3.rel1.win32_1.0.100.202403111256/tools/bin/../lib/gcc/arm-none-eabi/12.3.1/../../../../arm-none-eabi/lib/thumb/v8-m.main+fp/hard\libc_nano.a(libc_a-stdio.o)
                0x0800bfb2                __swrite
 .text.__sseek  0x0800bfea       0x24 C:/ST/STM32CubeIDE_1.15.1/STM32CubeIDE/plugins/com.st.stm32cube.ide.mcu.externaltools.gnu-tools-for-stm32.12.3.rel1.win32_1.0.100.202403111256/tools/bin/../lib/gcc/arm-none-eabi/12.3.1/../../../../arm-none-eabi/lib/thumb/v8-m.main+fp/hard\libc_nano.a(libc_a-stdio.o)
                0x0800bfea                __sseek
 .text.__sclose
                0x0800c00e        0x8 C:/ST/STM32CubeIDE_1.15.1/STM32CubeIDE/plugins/com.st.stm32cube.ide.mcu.externaltools.gnu-tools-for-stm32.12.3.rel1.win32_1.0.100.202403111256/tools/bin/../lib/gcc/arm-none-eabi/12.3.1/../../../../arm-none-eabi/lib/thumb/v8-m.main+fp/hard\libc_nano.a(libc_a-stdio.o)
                0x0800c00e                __sclose
 .text.__swbuf_r
                0x0800c016       0x7c C:/ST/STM32CubeIDE_1.15.1/STM32CubeIDE/plugins/com.st.stm32cube.ide.mcu.externaltools.gnu-tools-for-stm32.12.3.rel1.win32_1.0.100.202403111256/tools/bin/../lib/gcc/arm-none-eabi/12.3.1/../../../../arm-none-eabi/lib/thumb/v8-m.main+fp/hard\libc_nano.a(libc_a-wbuf.o)
                0x0800c016                __swbuf_r
 *fill*         0x0800c092        0x2 
 .text.__swsetup_r
                0x0800c094       0xac C:/ST/STM32CubeIDE_1.15.1/STM32CubeIDE/plugins/com.st.stm32cube.ide.mcu.externaltools.gnu-tools-for-stm32.12.3.rel1.win32_1.0.100.202403111256/tools/bin/../lib/gcc/arm-none-eabi/12.3.1/../../../../arm-none-eabi/lib/thumb/v8-m.main+fp/hard\libc_nano.a(libc_a-wsetup.o)
                0x0800c094                __swsetup_r
 .text.memset   0x0800c140       0x10 C:/ST/STM32CubeIDE_1.15.1/STM32CubeIDE/plugins/com.st.stm32cube.ide.mcu.externaltools.gnu-tools-for-stm32.12.3.rel1.win32_1.0.100.202403111256/tools/bin/../lib/gcc/arm-none-eabi/12.3.1/../../../../arm-none-eabi/lib/thumb/v8-m.main+fp/hard\libc_nano.a(libc_a-memset.o)
                0x0800c140                memset
 .text.strncmp  0x0800c150       0x24 C:/ST/STM32CubeIDE_1.15.1/STM32CubeIDE/plugins/com.st.stm32cube.ide.mcu.externaltools.gnu-tools-for-stm32.12.3.rel1.win32_1.0.100.202403111256/tools/bin/../lib/gcc/arm-none-eabi/12.3.1/../../../../arm-none-eabi/lib/thumb/v8-m.main+fp/hard\libc_nano.a(libc_a-strncmp.o)
                0x0800c150                strncmp
 .text._close_r
                0x0800c174       0x20 C:/ST/STM32CubeIDE_1.15.1/STM32CubeIDE/plugins/com.st.stm32cube.ide.mcu.externaltools.gnu-tools-for-stm32.12.3.rel1.win32_1.0.100.202403111256/tools/bin/../lib/gcc/arm-none-eabi/12.3.1/../../../../arm-none-eabi/lib/thumb/v8-m.main+fp/hard\libc_nano.a(libc_a-closer.o)
                0x0800c174                _close_r
 .text._lseek_r
                0x0800c194       0x24 C:/ST/STM32CubeIDE_1.15.1/STM32CubeIDE/plugins/com.st.stm32cube.ide.mcu.externaltools.gnu-tools-for-stm32.12.3.rel1.win32_1.0.100.202403111256/tools/bin/../lib/gcc/arm-none-eabi/12.3.1/../../../../arm-none-eabi/lib/thumb/v8-m.main+fp/hard\libc_nano.a(libc_a-lseekr.o)
                0x0800c194                _lseek_r
 .text._read_r  0x0800c1b8       0x24 C:/ST/STM32CubeIDE_1.15.1/STM32CubeIDE/plugins/com.st.stm32cube.ide.mcu.externaltools.gnu-tools-for-stm32.12.3.rel1.win32_1.0.100.202403111256/tools/bin/../lib/gcc/arm-none-eabi/12.3.1/../../../../arm-none-eabi/lib/thumb/v8-m.main+fp/hard\libc_nano.a(libc_a-readr.o)
                0x0800c1b8                _read_r
 .text._sbrk_r  0x0800c1dc       0x20 C:/ST/STM32CubeIDE_1.15.1/STM32CubeIDE/plugins/com.st.stm32cube.ide.mcu.externaltools.gnu-tools-for-stm32.12.3.rel1.win32_1.0.100.202403111256/tools/bin/../lib/gcc/arm-none-eabi/12.3.1/../../../../arm-none-eabi/lib/thumb/v8-m.main+fp/hard\libc_nano.a(libc_a-sbrkr.o)
                0x0800c1dc                _sbrk_r
 .text._write_r
                0x0800c1fc       0x24 C:/ST/STM32CubeIDE_1.15.1/STM32CubeIDE/plugins/com.st.stm32cube.ide.mcu.externaltools.gnu-tools-for-stm32.12.3.rel1.win32_1.0.100.202403111256/tools/bin/../lib/gcc/arm-none-eabi/12.3.1/../../../../arm-none-eabi/lib/thumb/v8-m.main+fp/hard\libc_nano.a(libc_a-writer.o)
                0x0800c1fc                _write_r
 .text.__errno  0x0800c220        0xc C:/ST/STM32CubeIDE_1.15.1/STM32CubeIDE/plugins/com.st.stm32cube.ide.mcu.externaltools.gnu-tools-for-stm32.12.3.rel1.win32_1.0.100.202403111256/tools/bin/../lib/gcc/arm-none-eabi/12.3.1/../../../../arm-none-eabi/lib/thumb/v8-m.main+fp/hard\libc_nano.a(libc_a-errno.o)
                0x0800c220                __errno
 .text.__libc_init_array
                0x0800c22c       0x48 C:/ST/STM32CubeIDE_1.15.1/STM32CubeIDE/plugins/com.st.stm32cube.ide.mcu.externaltools.gnu-tools-for-stm32.12.3.rel1.win32_1.0.100.202403111256/tools/bin/../lib/gcc/arm-none-eabi/12.3.1/../../../../arm-none-eabi/lib/thumb/v8-m.main+fp/hard\libc_nano.a(libc_a-init.o)
                0x0800c22c                __libc_init_array
 .text.__retarget_lock_init_recursive
                0x0800c274        0x2 C:/ST/STM32CubeIDE_1.15.1/STM32CubeIDE/plugins/com.st.stm32cube.ide.mcu.externaltools.gnu-tools-for-stm32.12.3.rel1.win32_1.0.100.202403111256/tools/bin/../lib/gcc/arm-none-eabi/12.3.1/../../../../arm-none-eabi/lib/thumb/v8-m.main+fp/hard\libc_nano.a(libc_a-lock.o)
                0x0800c274                __retarget_lock_init_recursive
 .text.__retarget_lock_acquire_recursive
                0x0800c276        0x2 C:/ST/STM32CubeIDE_1.15.1/STM32CubeIDE/plugins/com.st.stm32cube.ide.mcu.externaltools.gnu-tools-for-stm32.12.3.rel1.win32_1.0.100.202403111256/tools/bin/../lib/gcc/arm-none-eabi/12.3.1/../../../../arm-none-eabi/lib/thumb/v8-m.main+fp/hard\libc_nano.a(libc_a-lock.o)
                0x0800c276                __retarget_lock_acquire_recursive
 .text.__retarget_lock_release_recursive
                0x0800c278        0x2 C:/ST/STM32CubeIDE_1.15.1/STM32CubeIDE/plugins/com.st.stm32cube.ide.mcu.externaltools.gnu-tools-for-stm32.12.3.rel1.win32_1.0.100.202403111256/tools/bin/../lib/gcc/arm-none-eabi/12.3.1/../../../../arm-none-eabi/lib/thumb/v8-m.main+fp/hard\libc_nano.a(libc_a-lock.o)
                0x0800c278                __retarget_lock_release_recursive
 .text.memcpy   0x0800c27a       0x1a C:/ST/STM32CubeIDE_1.15.1/STM32CubeIDE/plugins/com.st.stm32cube.ide.mcu.externaltools.gnu-tools-for-stm32.12.3.rel1.win32_1.0.100.202403111256/tools/bin/../lib/gcc/arm-none-eabi/12.3.1/../../../../arm-none-eabi/lib/thumb/v8-m.main+fp/hard\libc_nano.a(libc_a-memcpy-stub.o)
                0x0800c27a                memcpy
 .text.__assert_func
                0x0800c294       0x3c C:/ST/STM32CubeIDE_1.15.1/STM32CubeIDE/plugins/com.st.stm32cube.ide.mcu.externaltools.gnu-tools-for-stm32.12.3.rel1.win32_1.0.100.202403111256/tools/bin/../lib/gcc/arm-none-eabi/12.3.1/../../../../arm-none-eabi/lib/thumb/v8-m.main+fp/hard\libc_nano.a(libc_a-assert.o)
                0x0800c294                __assert_func
 .text._free_r  0x0800c2d0       0x94 C:/ST/STM32CubeIDE_1.15.1/STM32CubeIDE/plugins/com.st.stm32cube.ide.mcu.externaltools.gnu-tools-for-stm32.12.3.rel1.win32_1.0.100.202403111256/tools/bin/../lib/gcc/arm-none-eabi/12.3.1/../../../../arm-none-eabi/lib/thumb/v8-m.main+fp/hard\libc_nano.a(libc_a-freer.o)
                0x0800c2d0                _free_r
 .text.__sfputc_r
                0x0800c364       0x2e C:/ST/STM32CubeIDE_1.15.1/STM32CubeIDE/plugins/com.st.stm32cube.ide.mcu.externaltools.gnu-tools-for-stm32.12.3.rel1.win32_1.0.100.202403111256/tools/bin/../lib/gcc/arm-none-eabi/12.3.1/../../../../arm-none-eabi/lib/thumb/v8-m.main+fp/hard\libc_nano.a(libc_a-nano-vfprintf.o)
 .text.__sfputs_r
                0x0800c392       0x24 C:/ST/STM32CubeIDE_1.15.1/STM32CubeIDE/plugins/com.st.stm32cube.ide.mcu.externaltools.gnu-tools-for-stm32.12.3.rel1.win32_1.0.100.202403111256/tools/bin/../lib/gcc/arm-none-eabi/12.3.1/../../../../arm-none-eabi/lib/thumb/v8-m.main+fp/hard\libc_nano.a(libc_a-nano-vfprintf.o)
                0x0800c392                __sfputs_r
 *fill*         0x0800c3b6        0x2 
 .text._vfprintf_r
                0x0800c3b8      0x230 C:/ST/STM32CubeIDE_1.15.1/STM32CubeIDE/plugins/com.st.stm32cube.ide.mcu.externaltools.gnu-tools-for-stm32.12.3.rel1.win32_1.0.100.202403111256/tools/bin/../lib/gcc/arm-none-eabi/12.3.1/../../../../arm-none-eabi/lib/thumb/v8-m.main+fp/hard\libc_nano.a(libc_a-nano-vfprintf.o)
                0x0800c3b8                _vfprintf_r
                0x0800c3b8                _vfiprintf_r
 .text._printf_common
                0x0800c5e8       0xe4 C:/ST/STM32CubeIDE_1.15.1/STM32CubeIDE/plugins/com.st.stm32cube.ide.mcu.externaltools.gnu-tools-for-stm32.12.3.rel1.win32_1.0.100.202403111256/tools/bin/../lib/gcc/arm-none-eabi/12.3.1/../../../../arm-none-eabi/lib/thumb/v8-m.main+fp/hard\libc_nano.a(libc_a-nano-vfprintf_i.o)
                0x0800c5e8                _printf_common
 .text._printf_i
                0x0800c6cc      0x240 C:/ST/STM32CubeIDE_1.15.1/STM32CubeIDE/plugins/com.st.stm32cube.ide.mcu.externaltools.gnu-tools-for-stm32.12.3.rel1.win32_1.0.100.202403111256/tools/bin/../lib/gcc/arm-none-eabi/12.3.1/../../../../arm-none-eabi/lib/thumb/v8-m.main+fp/hard\libc_nano.a(libc_a-nano-vfprintf_i.o)
                0x0800c6cc                _printf_i
 .text.fprintf  0x0800c90c       0x24 C:/ST/STM32CubeIDE_1.15.1/STM32CubeIDE/plugins/com.st.stm32cube.ide.mcu.externaltools.gnu-tools-for-stm32.12.3.rel1.win32_1.0.100.202403111256/tools/bin/../lib/gcc/arm-none-eabi/12.3.1/../../../../arm-none-eabi/lib/thumb/v8-m.main+fp/hard\libc_nano.a(libc_a-fprintf.o)
                0x0800c90c                fiprintf
                0x0800c90c                fprintf
 .text.__swhatbuf_r
                0x0800c930       0x4a C:/ST/STM32CubeIDE_1.15.1/STM32CubeIDE/plugins/com.st.stm32cube.ide.mcu.externaltools.gnu-tools-for-stm32.12.3.rel1.win32_1.0.100.202403111256/tools/bin/../lib/gcc/arm-none-eabi/12.3.1/../../../../arm-none-eabi/lib/thumb/v8-m.main+fp/hard\libc_nano.a(libc_a-makebuf.o)
                0x0800c930                __swhatbuf_r
 .text.__smakebuf_r
                0x0800c97a       0x78 C:/ST/STM32CubeIDE_1.15.1/STM32CubeIDE/plugins/com.st.stm32cube.ide.mcu.externaltools.gnu-tools-for-stm32.12.3.rel1.win32_1.0.100.202403111256/tools/bin/../lib/gcc/arm-none-eabi/12.3.1/../../../../arm-none-eabi/lib/thumb/v8-m.main+fp/hard\libc_nano.a(libc_a-makebuf.o)
                0x0800c97a                __smakebuf_r
 .text._putc_r  0x0800c9f2       0x68 C:/ST/STM32CubeIDE_1.15.1/STM32CubeIDE/plugins/com.st.stm32cube.ide.mcu.externaltools.gnu-tools-for-stm32.12.3.rel1.win32_1.0.100.202403111256/tools/bin/../lib/gcc/arm-none-eabi/12.3.1/../../../../arm-none-eabi/lib/thumb/v8-m.main+fp/hard\libc_nano.a(libc_a-putc.o)
                0x0800c9f2                _putc_r
 *fill*         0x0800ca5a        0x2 
 .text._fstat_r
                0x0800ca5c       0x24 C:/ST/STM32CubeIDE_1.15.1/STM32CubeIDE/plugins/com.st.stm32cube.ide.mcu.externaltools.gnu-tools-for-stm32.12.3.rel1.win32_1.0.100.202403111256/tools/bin/../lib/gcc/arm-none-eabi/12.3.1/../../../../arm-none-eabi/lib/thumb/v8-m.main+fp/hard\libc_nano.a(libc_a-fstatr.o)
                0x0800ca5c                _fstat_r
 .text._isatty_r
                0x0800ca80       0x20 C:/ST/STM32CubeIDE_1.15.1/STM32CubeIDE/plugins/com.st.stm32cube.ide.mcu.externaltools.gnu-tools-for-stm32.12.3.rel1.win32_1.0.100.202403111256/tools/bin/../lib/gcc/arm-none-eabi/12.3.1/../../../../arm-none-eabi/lib/thumb/v8-m.main+fp/hard\libc_nano.a(libc_a-isattyr.o)
                0x0800ca80                _isatty_r
 .text.memchr   0x0800caa0       0x1c C:/ST/STM32CubeIDE_1.15.1/STM32CubeIDE/plugins/com.st.stm32cube.ide.mcu.externaltools.gnu-tools-for-stm32.12.3.rel1.win32_1.0.100.202403111256/tools/bin/../lib/gcc/arm-none-eabi/12.3.1/../../../../arm-none-eabi/lib/thumb/v8-m.main+fp/hard\libc_nano.a(libc_a-memchr-stub.o)
                0x0800caa0                memchr
 .text.abort    0x0800cabc        0xe C:/ST/STM32CubeIDE_1.15.1/STM32CubeIDE/plugins/com.st.stm32cube.ide.mcu.externaltools.gnu-tools-for-stm32.12.3.rel1.win32_1.0.100.202403111256/tools/bin/../lib/gcc/arm-none-eabi/12.3.1/../../../../arm-none-eabi/lib/thumb/v8-m.main+fp/hard\libc_nano.a(libc_a-abort.o)
                0x0800cabc                abort
 .text._raise_r
                0x0800caca       0x50 C:/ST/STM32CubeIDE_1.15.1/STM32CubeIDE/plugins/com.st.stm32cube.ide.mcu.externaltools.gnu-tools-for-stm32.12.3.rel1.win32_1.0.100.202403111256/tools/bin/../lib/gcc/arm-none-eabi/12.3.1/../../../../arm-none-eabi/lib/thumb/v8-m.main+fp/hard\libc_nano.a(libc_a-signal.o)
                0x0800caca                _raise_r
 *fill*         0x0800cb1a        0x2 
 .text.raise    0x0800cb1c       0x10 C:/ST/STM32CubeIDE_1.15.1/STM32CubeIDE/plugins/com.st.stm32cube.ide.mcu.externaltools.gnu-tools-for-stm32.12.3.rel1.win32_1.0.100.202403111256/tools/bin/../lib/gcc/arm-none-eabi/12.3.1/../../../../arm-none-eabi/lib/thumb/v8-m.main+fp/hard\libc_nano.a(libc_a-signal.o)
                0x0800cb1c                raise
 .text._kill_r  0x0800cb2c       0x24 C:/ST/STM32CubeIDE_1.15.1/STM32CubeIDE/plugins/com.st.stm32cube.ide.mcu.externaltools.gnu-tools-for-stm32.12.3.rel1.win32_1.0.100.202403111256/tools/bin/../lib/gcc/arm-none-eabi/12.3.1/../../../../arm-none-eabi/lib/thumb/v8-m.main+fp/hard\libc_nano.a(libc_a-signalr.o)
                0x0800cb2c                _kill_r
 .text._getpid_r
                0x0800cb50        0x4 C:/ST/STM32CubeIDE_1.15.1/STM32CubeIDE/plugins/com.st.stm32cube.ide.mcu.externaltools.gnu-tools-for-stm32.12.3.rel1.win32_1.0.100.202403111256/tools/bin/../lib/gcc/arm-none-eabi/12.3.1/../../../../arm-none-eabi/lib/thumb/v8-m.main+fp/hard\libc_nano.a(libc_a-signalr.o)
                0x0800cb50                _getpid_r
 *(.glue_7)
 .glue_7        0x0800cb54        0x0 linker stubs
 *(.glue_7t)
 .glue_7t       0x0800cb54        0x0 linker stubs
 *(.eh_frame)
 .eh_frame      0x0800cb54        0x0 C:/ST/STM32CubeIDE_1.15.1/STM32CubeIDE/plugins/com.st.stm32cube.ide.mcu.externaltools.gnu-tools-for-stm32.12.3.rel1.win32_1.0.100.202403111256/tools/bin/../lib/gcc/arm-none-eabi/12.3.1/thumb/v8-m.main+fp/hard/crtbegin.o
 *(.init)
 .init          0x0800cb54        0x4 C:/ST/STM32CubeIDE_1.15.1/STM32CubeIDE/plugins/com.st.stm32cube.ide.mcu.externaltools.gnu-tools-for-stm32.12.3.rel1.win32_1.0.100.202403111256/tools/bin/../lib/gcc/arm-none-eabi/12.3.1/thumb/v8-m.main+fp/hard/crti.o
                0x0800cb54                _init
 .init          0x0800cb58        0x8 C:/ST/STM32CubeIDE_1.15.1/STM32CubeIDE/plugins/com.st.stm32cube.ide.mcu.externaltools.gnu-tools-for-stm32.12.3.rel1.win32_1.0.100.202403111256/tools/bin/../lib/gcc/arm-none-eabi/12.3.1/thumb/v8-m.main+fp/hard/crtn.o
 *(.fini)
 .fini          0x0800cb60        0x4 C:/ST/STM32CubeIDE_1.15.1/STM32CubeIDE/plugins/com.st.stm32cube.ide.mcu.externaltools.gnu-tools-for-stm32.12.3.rel1.win32_1.0.100.202403111256/tools/bin/../lib/gcc/arm-none-eabi/12.3.1/thumb/v8-m.main+fp/hard/crti.o
                0x0800cb60                _fini
 .fini          0x0800cb64        0x8 C:/ST/STM32CubeIDE_1.15.1/STM32CubeIDE/plugins/com.st.stm32cube.ide.mcu.externaltools.gnu-tools-for-stm32.12.3.rel1.win32_1.0.100.202403111256/tools/bin/../lib/gcc/arm-none-eabi/12.3.1/thumb/v8-m.main+fp/hard/crtn.o
                0x0800cb6c                        _etext = .

.vfp11_veneer   0x0800cb6c        0x0
 .vfp11_veneer  0x0800cb6c        0x0 linker stubs

.v4_bx          0x0800cb6c        0x0
 .v4_bx         0x0800cb6c        0x0 linker stubs

.iplt           0x0800cb6c        0x0
 .iplt          0x0800cb6c        0x0 C:/ST/STM32CubeIDE_1.15.1/STM32CubeIDE/plugins/com.st.stm32cube.ide.mcu.externaltools.gnu-tools-for-stm32.12.3.rel1.win32_1.0.100.202403111256/tools/bin/../lib/gcc/arm-none-eabi/12.3.1/thumb/v8-m.main+fp/hard/crtbegin.o

.rodata         0x0800cb6c     0x16a1
 *(.rodata)
 .rodata        0x0800cb6c      0x7f5 ./X-CUBE-AI/App/aiSystemPerformance.o
 *fill*         0x0800d361        0x3 
 .rodata        0x0800d364      0x2c0 ./X-CUBE-AI/App/aiTestHelper.o
 .rodata        0x0800d624      0x2da ./X-CUBE-AI/App/aiTestUtility.o
 *fill*         0x0800d8fe        0x2 
 .rodata        0x0800d900       0x32 ./X-CUBE-AI/App/app_x-cube-ai.o
 *fill*         0x0800d932        0x2 
 .rodata        0x0800d934       0x6c ./X-CUBE-AI/App/network.o
 .rodata        0x0800d9a0        0x4 ../Middlewares/ST/AI/Lib\NetworkRuntime520_CM33_GCC.a(layers.o)
 *(.rodata*)
 .rodata.AHBPrescTable
                0x0800d9a4       0x10 ./Core/Src/system_stm32u5xx.o
                0x0800d9a4                AHBPrescTable
 .rodata.APBPrescTable
                0x0800d9b4        0x8 ./Core/Src/system_stm32u5xx.o
                0x0800d9b4                APBPrescTable
 .rodata.MSIRangeTable
                0x0800d9bc       0x40 ./Core/Src/system_stm32u5xx.o
                0x0800d9bc                MSIRangeTable
 .rodata.LPGPIO_Map
                0x0800d9fc       0x80 ./Drivers/STM32U5xx_HAL_Driver/stm32u5xx_hal_gpio.o
 .rodata.UARTPrescTable
                0x0800da7c       0x18 ./Drivers/STM32U5xx_HAL_Driver/stm32u5xx_hal_uart.o
                0x0800da7c                UARTPrescTable
 .rodata.numerator.1
                0x0800da94        0x8 ./Drivers/STM32U5xx_HAL_Driver/stm32u5xx_hal_uart_ex.o
 .rodata.denominator.0
                0x0800da9c        0x8 ./Drivers/STM32U5xx_HAL_Driver/stm32u5xx_hal_uart_ex.o
 .rodata.networks
                0x0800daa4       0x60 ./X-CUBE-AI/App/app_x-cube-ai.o
 .rodata.dense_0_chain
                0x0800db04        0x8 ./X-CUBE-AI/App/network.o
 .rodata.nl_0_chain
                0x0800db0c        0x8 ./X-CUBE-AI/App/network.o
 .rodata.dense_1_chain
                0x0800db14        0x8 ./X-CUBE-AI/App/network.o
 .rodata.nl_1_chain
                0x0800db1c        0x8 ./X-CUBE-AI/App/network.o
 .rodata.dense_2_chain
                0x0800db24        0x8 ./X-CUBE-AI/App/network.o
 .rodata.s_network_weights.0
                0x0800db2c      0x504 ./X-CUBE-AI/App/network_data.o
 .rodata.ai_platform_runtime_get_revision.str1.4
                0x0800e030        0x0 ../Middlewares/ST/AI/Lib\NetworkRuntime520_CM33_GCC.a(ai_platform_interface.o)
                                  0x1 (size before relaxing)
 .rodata.v.8526
                0x0800e030        0x4 ../Middlewares/ST/AI/Lib\NetworkRuntime520_CM33_GCC.a(ai_platform_interface.o)
 .rodata.v.8530
                0x0800e034        0x4 ../Middlewares/ST/AI/Lib\NetworkRuntime520_CM33_GCC.a(ai_platform_interface.o)
 .rodata.v.8534
                0x0800e038        0x4 ../Middlewares/ST/AI/Lib\NetworkRuntime520_CM33_GCC.a(ai_platform_interface.o)
 .rodata.ai_layer_type_name.str1.4
                0x0800e03c       0xf3 ../Middlewares/ST/AI/Lib\NetworkRuntime520_CM33_GCC.a(layers.o)
                                 0xf5 (size before relaxing)
 .rodata.srand.str1.1
                0x0800e12f       0x6f C:/ST/STM32CubeIDE_1.15.1/STM32CubeIDE/plugins/com.st.stm32cube.ide.mcu.externaltools.gnu-tools-for-stm32.12.3.rel1.win32_1.0.100.202403111256/tools/bin/../lib/gcc/arm-none-eabi/12.3.1/../../../../arm-none-eabi/lib/thumb/v8-m.main+fp/hard\libc_nano.a(libc_a-rand.o)
 .rodata.__assert_func.str1.1
                0x0800e19e       0x3c C:/ST/STM32CubeIDE_1.15.1/STM32CubeIDE/plugins/com.st.stm32cube.ide.mcu.externaltools.gnu-tools-for-stm32.12.3.rel1.win32_1.0.100.202403111256/tools/bin/../lib/gcc/arm-none-eabi/12.3.1/../../../../arm-none-eabi/lib/thumb/v8-m.main+fp/hard\libc_nano.a(libc_a-assert.o)
                                 0x3d (size before relaxing)
 .rodata._vfprintf_r.str1.1
                0x0800e1da       0x11 C:/ST/STM32CubeIDE_1.15.1/STM32CubeIDE/plugins/com.st.stm32cube.ide.mcu.externaltools.gnu-tools-for-stm32.12.3.rel1.win32_1.0.100.202403111256/tools/bin/../lib/gcc/arm-none-eabi/12.3.1/../../../../arm-none-eabi/lib/thumb/v8-m.main+fp/hard\libc_nano.a(libc_a-nano-vfprintf.o)
 .rodata._printf_i.str1.1
                0x0800e1eb       0x22 C:/ST/STM32CubeIDE_1.15.1/STM32CubeIDE/plugins/com.st.stm32cube.ide.mcu.externaltools.gnu-tools-for-stm32.12.3.rel1.win32_1.0.100.202403111256/tools/bin/../lib/gcc/arm-none-eabi/12.3.1/../../../../arm-none-eabi/lib/thumb/v8-m.main+fp/hard\libc_nano.a(libc_a-nano-vfprintf_i.o)

.ARM.extab
 *(.ARM.extab* .gnu.linkonce.armextab.*)

.ARM            0x0800e210        0x8
                0x0800e210                        __exidx_start = .
 *(.ARM.exidx*)
 .ARM.exidx     0x0800e210        0x8 C:/ST/STM32CubeIDE_1.15.1/STM32CubeIDE/plugins/com.st.stm32cube.ide.mcu.externaltools.gnu-tools-for-stm32.12.3.rel1.win32_1.0.100.202403111256/tools/bin/../lib/gcc/arm-none-eabi/12.3.1/../../../../arm-none-eabi/lib/thumb/v8-m.main+fp/hard\libc_nano.a(libc_a-strlen.o)
 .ARM.exidx     0x0800e218        0x0 C:/ST/STM32CubeIDE_1.15.1/STM32CubeIDE/plugins/com.st.stm32cube.ide.mcu.externaltools.gnu-tools-for-stm32.12.3.rel1.win32_1.0.100.202403111256/tools/bin/../lib/gcc/arm-none-eabi/12.3.1/thumb/v8-m.main+fp/hard\libgcc.a(_udivmoddi4.o)
                                  0x8 (size before relaxing)
                0x0800e218                        __exidx_end = .

.preinit_array  0x0800e218        0x0
                0x0800e218                        PROVIDE (__preinit_array_start = .)
 *(.preinit_array*)
                0x0800e218                        PROVIDE (__preinit_array_end = .)

.init_array     0x0800e218        0x4
                0x0800e218                        PROVIDE (__init_array_start = .)
 *(SORT_BY_NAME(.init_array.*))
 *(.init_array*)
 .init_array    0x0800e218        0x4 C:/ST/STM32CubeIDE_1.15.1/STM32CubeIDE/plugins/com.st.stm32cube.ide.mcu.externaltools.gnu-tools-for-stm32.12.3.rel1.win32_1.0.100.202403111256/tools/bin/../lib/gcc/arm-none-eabi/12.3.1/thumb/v8-m.main+fp/hard/crtbegin.o
                0x0800e21c                        PROVIDE (__init_array_end = .)

.fini_array     0x0800e21c        0x4
                [!provide]                        PROVIDE (__fini_array_start = .)
 *(SORT_BY_NAME(.fini_array.*))
 *(.fini_array*)
 .fini_array    0x0800e21c        0x4 C:/ST/STM32CubeIDE_1.15.1/STM32CubeIDE/plugins/com.st.stm32cube.ide.mcu.externaltools.gnu-tools-for-stm32.12.3.rel1.win32_1.0.100.202403111256/tools/bin/../lib/gcc/arm-none-eabi/12.3.1/thumb/v8-m.main+fp/hard/crtbegin.o
                [!provide]                        PROVIDE (__fini_array_end = .)
                0x0800e220                        _sidata = LOADADDR (.data)

.rel.dyn        0x0800e220        0x0
 .rel.iplt      0x0800e220        0x0 C:/ST/STM32CubeIDE_1.15.1/STM32CubeIDE/plugins/com.st.stm32cube.ide.mcu.externaltools.gnu-tools-for-stm32.12.3.rel1.win32_1.0.100.202403111256/tools/bin/../lib/gcc/arm-none-eabi/12.3.1/thumb/v8-m.main+fp/hard/crtbegin.o

.data           0x20000000      0x650 load address 0x0800e220
                0x20000000                        _sdata = .
 *(.data)
 *(.data*)
 .data.SystemCoreClock
                0x20000000        0x4 ./Core/Src/system_stm32u5xx.o
                0x20000000                SystemCoreClock
 .data.uwTickPrio
                0x20000004        0x4 ./Drivers/STM32U5xx_HAL_Driver/stm32u5xx_hal.o
                0x20000004                uwTickPrio
 .data.uwTickFreq
                0x20000008        0x1 ./Drivers/STM32U5xx_HAL_Driver/stm32u5xx_hal.o
                0x20000008                uwTickFreq
 .data.observer_mode
                0x20000009        0x1 ./X-CUBE-AI/App/aiSystemPerformance.o
 *fill*         0x2000000a        0x2 
 .data.profiling_factor
                0x2000000c        0x4 ./X-CUBE-AI/App/aiSystemPerformance.o
 .data.data_ins
                0x20000010        0x4 ./X-CUBE-AI/App/aiSystemPerformance.o
 .data.data_outs
                0x20000014        0x4 ./X-CUBE-AI/App/aiSystemPerformance.o
 .data._ioWriteAllowed
                0x20000018        0x1 ./X-CUBE-AI/App/aiTestUtility.o
 *fill*         0x20000019        0x3 
 .data.g_network
                0x2000001c       0x60 ./X-CUBE-AI/App/network.o
 .data.dense_2_bias_array
                0x2000007c       0x10 ./X-CUBE-AI/App/network.o
 .data.dense_2_weights_array
                0x2000008c       0x10 ./X-CUBE-AI/App/network.o
 .data.dense_1_bias_array
                0x2000009c       0x10 ./X-CUBE-AI/App/network.o
 .data.dense_1_weights_array
                0x200000ac       0x10 ./X-CUBE-AI/App/network.o
 .data.dense_0_bias_array
                0x200000bc       0x10 ./X-CUBE-AI/App/network.o
 .data.dense_0_weights_array
                0x200000cc       0x10 ./X-CUBE-AI/App/network.o
 .data.serving_default_dense_3_input0_output_array
                0x200000dc       0x10 ./X-CUBE-AI/App/network.o
 .data.dense_0_output_array
                0x200000ec       0x10 ./X-CUBE-AI/App/network.o
 .data.nl_0_output_array
                0x200000fc       0x10 ./X-CUBE-AI/App/network.o
 .data.dense_1_output_array
                0x2000010c       0x10 ./X-CUBE-AI/App/network.o
 .data.nl_1_output_array
                0x2000011c       0x10 ./X-CUBE-AI/App/network.o
 .data.dense_2_output_array
                0x2000012c       0x10 ./X-CUBE-AI/App/network.o
 .data.dense_2_bias
                0x2000013c       0x1c ./X-CUBE-AI/App/network.o
 .data.dense_2_weights
                0x20000158       0x1c ./X-CUBE-AI/App/network.o
 .data.dense_1_bias
                0x20000174       0x1c ./X-CUBE-AI/App/network.o
 .data.dense_1_weights
                0x20000190       0x1c ./X-CUBE-AI/App/network.o
 .data.dense_0_bias
                0x200001ac       0x1c ./X-CUBE-AI/App/network.o
 .data.dense_0_weights
                0x200001c8       0x1c ./X-CUBE-AI/App/network.o
 .data.serving_default_dense_3_input0_output
                0x200001e4       0x1c ./X-CUBE-AI/App/network.o
 .data.dense_0_output
                0x20000200       0x1c ./X-CUBE-AI/App/network.o
 .data.nl_0_output
                0x2000021c       0x1c ./X-CUBE-AI/App/network.o
 .data.dense_1_output
                0x20000238       0x1c ./X-CUBE-AI/App/network.o
 .data.nl_1_output
                0x20000254       0x1c ./X-CUBE-AI/App/network.o
 .data.dense_2_output
                0x20000270       0x1c ./X-CUBE-AI/App/network.o
 .data.dense_0_layer
                0x2000028c       0x18 ./X-CUBE-AI/App/network.o
 .data.nl_0_layer
                0x200002a4       0x1c ./X-CUBE-AI/App/network.o
 .data.dense_1_layer
                0x200002c0       0x18 ./X-CUBE-AI/App/network.o
 .data.nl_1_layer
                0x200002d8       0x1c ./X-CUBE-AI/App/network.o
 .data.dense_2_layer
                0x200002f4       0x18 ./X-CUBE-AI/App/network.o
 .data.__compound_literal.0
                0x2000030c       0x10 ./X-CUBE-AI/App/network.o
 .data.__compound_literal.1
                0x2000031c       0x10 ./X-CUBE-AI/App/network.o
 .data.__compound_literal.2
                0x2000032c       0x10 ./X-CUBE-AI/App/network.o
 .data.__compound_literal.3
                0x2000033c       0x10 ./X-CUBE-AI/App/network.o
 .data.__compound_literal.4
                0x2000034c       0x10 ./X-CUBE-AI/App/network.o
 .data.__compound_literal.5
                0x2000035c       0x10 ./X-CUBE-AI/App/network.o
 .data.__compound_literal.6
                0x2000036c       0x10 ./X-CUBE-AI/App/network.o
 .data.__compound_literal.7
                0x2000037c       0x10 ./X-CUBE-AI/App/network.o
 .data.__compound_literal.8
                0x2000038c       0x10 ./X-CUBE-AI/App/network.o
 .data.__compound_literal.9
                0x2000039c       0x10 ./X-CUBE-AI/App/network.o
 .data.__compound_literal.10
                0x200003ac       0x10 ./X-CUBE-AI/App/network.o
 .data.__compound_literal.11
                0x200003bc       0x10 ./X-CUBE-AI/App/network.o
 .data.__compound_literal.12
                0x200003cc       0x10 ./X-CUBE-AI/App/network.o
 .data.__compound_literal.13
                0x200003dc       0x10 ./X-CUBE-AI/App/network.o
 .data.__compound_literal.14
                0x200003ec       0x10 ./X-CUBE-AI/App/network.o
 .data.__compound_literal.15
                0x200003fc       0x10 ./X-CUBE-AI/App/network.o
 .data.__compound_literal.16
                0x2000040c       0x10 ./X-CUBE-AI/App/network.o
 .data.__compound_literal.17
                0x2000041c       0x10 ./X-CUBE-AI/App/network.o
 .data.__compound_literal.18
                0x2000042c       0x10 ./X-CUBE-AI/App/network.o
 .data.__compound_literal.19
                0x2000043c       0x10 ./X-CUBE-AI/App/network.o
 .data.__compound_literal.20
                0x2000044c       0x10 ./X-CUBE-AI/App/network.o
 .data.__compound_literal.21
                0x2000045c       0x10 ./X-CUBE-AI/App/network.o
 .data.__compound_literal.22
                0x2000046c       0x10 ./X-CUBE-AI/App/network.o
 .data.__compound_literal.23
                0x2000047c       0x10 ./X-CUBE-AI/App/network.o
 .data.__compound_literal.24
                0x2000048c        0x4 ./X-CUBE-AI/App/network.o
 .data.__compound_literal.25
                0x20000490        0x4 ./X-CUBE-AI/App/network.o
 .data.__compound_literal.26
                0x20000494        0x8 ./X-CUBE-AI/App/network.o
 .data.__compound_literal.28
                0x2000049c       0x30 ./X-CUBE-AI/App/network.o
 .data.__compound_literal.29
                0x200004cc        0x4 ./X-CUBE-AI/App/network.o
 .data.__compound_literal.30
                0x200004d0        0x4 ./X-CUBE-AI/App/network.o
 .data.__compound_literal.33
                0x200004d4       0x30 ./X-CUBE-AI/App/network.o
 .data.__compound_literal.34
                0x20000504        0x4 ./X-CUBE-AI/App/network.o
 .data.__compound_literal.35
                0x20000508        0x4 ./X-CUBE-AI/App/network.o
 .data.__compound_literal.36
                0x2000050c        0x8 ./X-CUBE-AI/App/network.o
 .data.__compound_literal.38
                0x20000514       0x30 ./X-CUBE-AI/App/network.o
 .data.__compound_literal.39
                0x20000544        0x4 ./X-CUBE-AI/App/network.o
 .data.__compound_literal.40
                0x20000548        0x4 ./X-CUBE-AI/App/network.o
 .data.__compound_literal.43
                0x2000054c       0x30 ./X-CUBE-AI/App/network.o
 .data.__compound_literal.44
                0x2000057c        0x4 ./X-CUBE-AI/App/network.o
 .data.__compound_literal.45
                0x20000580        0x4 ./X-CUBE-AI/App/network.o
 .data.__compound_literal.46
                0x20000584        0x8 ./X-CUBE-AI/App/network.o
 .data.__compound_literal.48
                0x2000058c       0x30 ./X-CUBE-AI/App/network.o
 .data.__compound_literal.49
                0x200005bc        0x4 ./X-CUBE-AI/App/network.o
 .data.__compound_literal.53
                0x200005c0        0xc ./X-CUBE-AI/App/network.o
 .data.__compound_literal.54
                0x200005cc        0x4 ./X-CUBE-AI/App/network.o
 .data.__compound_literal.58
                0x200005d0        0xc ./X-CUBE-AI/App/network.o
 .data.__compound_literal.59
                0x200005dc       0x18 ./X-CUBE-AI/App/network.o
 .data.__sglue  0x200005f4        0xc C:/ST/STM32CubeIDE_1.15.1/STM32CubeIDE/plugins/com.st.stm32cube.ide.mcu.externaltools.gnu-tools-for-stm32.12.3.rel1.win32_1.0.100.202403111256/tools/bin/../lib/gcc/arm-none-eabi/12.3.1/../../../../arm-none-eabi/lib/thumb/v8-m.main+fp/hard\libc_nano.a(libc_a-findfp.o)
                0x200005f4                __sglue
 .data._impure_ptr
                0x20000600        0x4 C:/ST/STM32CubeIDE_1.15.1/STM32CubeIDE/plugins/com.st.stm32cube.ide.mcu.externaltools.gnu-tools-for-stm32.12.3.rel1.win32_1.0.100.202403111256/tools/bin/../lib/gcc/arm-none-eabi/12.3.1/../../../../arm-none-eabi/lib/thumb/v8-m.main+fp/hard\libc_nano.a(libc_a-impure.o)
                0x20000600                _impure_ptr
 .data._impure_data
                0x20000604       0x4c C:/ST/STM32CubeIDE_1.15.1/STM32CubeIDE/plugins/com.st.stm32cube.ide.mcu.externaltools.gnu-tools-for-stm32.12.3.rel1.win32_1.0.100.202403111256/tools/bin/../lib/gcc/arm-none-eabi/12.3.1/../../../../arm-none-eabi/lib/thumb/v8-m.main+fp/hard\libc_nano.a(libc_a-impure.o)
                0x20000604                _impure_data
 *(.RamFunc)
 *(.RamFunc*)
                0x20000650                        _edata = .

.igot.plt       0x20000650        0x0 load address 0x0800e870
 .igot.plt      0x20000650        0x0 C:/ST/STM32CubeIDE_1.15.1/STM32CubeIDE/plugins/com.st.stm32cube.ide.mcu.externaltools.gnu-tools-for-stm32.12.3.rel1.win32_1.0.100.202403111256/tools/bin/../lib/gcc/arm-none-eabi/12.3.1/thumb/v8-m.main+fp/hard/crtbegin.o

.bss            0x20000650      0x456 load address 0x0800e870
                0x20000650                        _sbss = .
                0x20000650                        __bss_start__ = _sbss
 *(.bss)
 .bss           0x20000650       0x1c C:/ST/STM32CubeIDE_1.15.1/STM32CubeIDE/plugins/com.st.stm32cube.ide.mcu.externaltools.gnu-tools-for-stm32.12.3.rel1.win32_1.0.100.202403111256/tools/bin/../lib/gcc/arm-none-eabi/12.3.1/thumb/v8-m.main+fp/hard/crtbegin.o
 *(.bss*)
 .bss.hcrc      0x2000066c       0x24 ./Core/Src/main.o
                0x2000066c                hcrc
 .bss.huart1    0x20000690       0x94 ./Core/Src/main.o
                0x20000690                huart1
 .bss.__sbrk_heap_end
                0x20000724        0x4 ./Core/Src/sysmem.o
 .bss.uwTick    0x20000728        0x4 ./Drivers/STM32U5xx_HAL_Driver/stm32u5xx_hal.o
                0x20000728                uwTick
 .bss.profiling_mode
                0x2000072c        0x1 ./X-CUBE-AI/App/aiSystemPerformance.o
 *fill*         0x2000072d        0x3 
 .bss.data_in_1
                0x20000730        0x1 ./X-CUBE-AI/App/aiSystemPerformance.o
                0x20000730                data_in_1
 *fill*         0x20000731        0x3 
 .bss.data_out_1
                0x20000734        0x4 ./X-CUBE-AI/App/aiSystemPerformance.o
                0x20000734                data_out_1
 .bss.net_exec_ctx
                0x20000738       0x78 ./X-CUBE-AI/App/aiSystemPerformance.o
                0x20000738                net_exec_ctx
 .bss.activations
                0x200007b0       0x80 ./X-CUBE-AI/App/aiSystemPerformance.o
 .bss.u_observer_ctx
                0x20000830       0x28 ./X-CUBE-AI/App/aiSystemPerformance.o
 .bss.io_malloc
                0x20000858       0x1c ./X-CUBE-AI/App/aiTestUtility.o
                0x20000858                io_malloc
 .bss.io_stack  0x20000874       0x20 ./X-CUBE-AI/App/aiTestUtility.o
                0x20000874                io_stack
 .bss.cyclesCount
                0x20000894        0xc ./X-CUBE-AI/App/aiTestUtility.o
                0x20000894                cyclesCount
 .bss.mconf     0x200008a0        0x4 ./X-CUBE-AI/App/aiTestUtility.o
 .bss.gnetworks
                0x200008a4       0x38 ./X-CUBE-AI/App/app_x-cube-ai.o
 .bss.Counter.0
                0x200008dc        0x4 ./X-CUBE-AI/App/app_x-cube-ai.o
 .bss.__compound_literal.27
                0x200008e0        0x4 ./X-CUBE-AI/App/network.o
 .bss.__compound_literal.31
                0x200008e4        0x4 ./X-CUBE-AI/App/network.o
 .bss.__compound_literal.32
                0x200008e8        0x4 ./X-CUBE-AI/App/network.o
 .bss.__compound_literal.37
                0x200008ec        0x4 ./X-CUBE-AI/App/network.o
 .bss.__compound_literal.41
                0x200008f0        0x4 ./X-CUBE-AI/App/network.o
 .bss.__compound_literal.42
                0x200008f4        0x4 ./X-CUBE-AI/App/network.o
 .bss.__compound_literal.47
                0x200008f8        0x4 ./X-CUBE-AI/App/network.o
 .bss.__compound_literal.50
                0x200008fc       0x18 ./X-CUBE-AI/App/network.o
 .bss.__compound_literal.51
                0x20000914       0x10 ./X-CUBE-AI/App/network.o
 .bss.__compound_literal.52
                0x20000924        0x8 ./X-CUBE-AI/App/network.o
 .bss.__compound_literal.55
                0x2000092c       0x18 ./X-CUBE-AI/App/network.o
 .bss.__compound_literal.56
                0x20000944       0x10 ./X-CUBE-AI/App/network.o
 .bss.__compound_literal.57
                0x20000954        0x8 ./X-CUBE-AI/App/network.o
 .bss.__malloc_sbrk_start
                0x2000095c        0x4 C:/ST/STM32CubeIDE_1.15.1/STM32CubeIDE/plugins/com.st.stm32cube.ide.mcu.externaltools.gnu-tools-for-stm32.12.3.rel1.win32_1.0.100.202403111256/tools/bin/../lib/gcc/arm-none-eabi/12.3.1/../../../../arm-none-eabi/lib/thumb/v8-m.main+fp/hard\libc_nano.a(libc_a-mallocr.o)
                0x2000095c                __malloc_sbrk_start
 .bss.__malloc_free_list
                0x20000960        0x4 C:/ST/STM32CubeIDE_1.15.1/STM32CubeIDE/plugins/com.st.stm32cube.ide.mcu.externaltools.gnu-tools-for-stm32.12.3.rel1.win32_1.0.100.202403111256/tools/bin/../lib/gcc/arm-none-eabi/12.3.1/../../../../arm-none-eabi/lib/thumb/v8-m.main+fp/hard\libc_nano.a(libc_a-mallocr.o)
                0x20000960                __malloc_free_list
 .bss.__sf      0x20000964      0x138 C:/ST/STM32CubeIDE_1.15.1/STM32CubeIDE/plugins/com.st.stm32cube.ide.mcu.externaltools.gnu-tools-for-stm32.12.3.rel1.win32_1.0.100.202403111256/tools/bin/../lib/gcc/arm-none-eabi/12.3.1/../../../../arm-none-eabi/lib/thumb/v8-m.main+fp/hard\libc_nano.a(libc_a-findfp.o)
                0x20000964                __sf
 .bss.__stdio_exit_handler
                0x20000a9c        0x4 C:/ST/STM32CubeIDE_1.15.1/STM32CubeIDE/plugins/com.st.stm32cube.ide.mcu.externaltools.gnu-tools-for-stm32.12.3.rel1.win32_1.0.100.202403111256/tools/bin/../lib/gcc/arm-none-eabi/12.3.1/../../../../arm-none-eabi/lib/thumb/v8-m.main+fp/hard\libc_nano.a(libc_a-findfp.o)
                0x20000a9c                __stdio_exit_handler
 .bss.errno     0x20000aa0        0x4 C:/ST/STM32CubeIDE_1.15.1/STM32CubeIDE/plugins/com.st.stm32cube.ide.mcu.externaltools.gnu-tools-for-stm32.12.3.rel1.win32_1.0.100.202403111256/tools/bin/../lib/gcc/arm-none-eabi/12.3.1/../../../../arm-none-eabi/lib/thumb/v8-m.main+fp/hard\libc_nano.a(libc_a-reent.o)
                0x20000aa0                errno
 .bss.__lock___malloc_recursive_mutex
                0x20000aa4        0x1 C:/ST/STM32CubeIDE_1.15.1/STM32CubeIDE/plugins/com.st.stm32cube.ide.mcu.externaltools.gnu-tools-for-stm32.12.3.rel1.win32_1.0.100.202403111256/tools/bin/../lib/gcc/arm-none-eabi/12.3.1/../../../../arm-none-eabi/lib/thumb/v8-m.main+fp/hard\libc_nano.a(libc_a-lock.o)
                0x20000aa4                __lock___malloc_recursive_mutex
 .bss.__lock___sfp_recursive_mutex
                0x20000aa5        0x1 C:/ST/STM32CubeIDE_1.15.1/STM32CubeIDE/plugins/com.st.stm32cube.ide.mcu.externaltools.gnu-tools-for-stm32.12.3.rel1.win32_1.0.100.202403111256/tools/bin/../lib/gcc/arm-none-eabi/12.3.1/../../../../arm-none-eabi/lib/thumb/v8-m.main+fp/hard\libc_nano.a(libc_a-lock.o)
                0x20000aa5                __lock___sfp_recursive_mutex
 *(COMMON)
                0x20000aa6                        _ebss = .
                0x20000aa6                        __bss_end__ = _ebss

._user_heap_stack
                0x20000aa6      0xa02 load address 0x0800e870
                0x20000aa8                        . = ALIGN (0x8)
 *fill*         0x20000aa6        0x2 
                [!provide]                        PROVIDE (end = .)
                0x20000aa8                        PROVIDE (_end = .)
                0x20000ca8                        . = (. + _Min_Heap_Size)
 *fill*         0x20000aa8      0x200 
                0x200014a8                        . = (. + _Min_Stack_Size)
 *fill*         0x20000ca8      0x800 
                0x200014a8                        . = ALIGN (0x8)

/DISCARD/
 libc.a(*)
 libm.a(*)
 libgcc.a(*)

.ARM.attributes
                0x00000000       0x36
 *(.ARM.attributes)
 .ARM.attributes
                0x00000000       0x26 C:/ST/STM32CubeIDE_1.15.1/STM32CubeIDE/plugins/com.st.stm32cube.ide.mcu.externaltools.gnu-tools-for-stm32.12.3.rel1.win32_1.0.100.202403111256/tools/bin/../lib/gcc/arm-none-eabi/12.3.1/thumb/v8-m.main+fp/hard/crti.o
 .ARM.attributes