../Core/Src/main.c:70:6:MX_GPIO_Disable	4	static
../Core/Src/main.c:93:6:MX_UARTx_DeInit	32	static
../Core/Src/main.c:111:5:main	8	static
../Core/Src/main.c:162:6:SystemClock_Config	128	static
../Core/Src/main.c:215:13:SystemPower_Config	8	static
../Core/Src/main.c:234:13:MX_CRC_Init	8	static
../Core/Src/main.c:265:13:MX_ICACHE_Init	8	static
../Core/Src/main.c:297:6:MX_USART1_UART_Init	8	static
../Core/Src/main.c:345:13:MX_GPIO_Init	64	static
../Core/Src/main.c:478:6:Error_Handler	4	static,ignoring_inline_asm
