../X-CUBE-AI/App/aiTestUtility.h:223:22:dwtReset	4	static
../X-CUBE-AI/App/aiTestUtility.h:227:27:dwtGetCycles	4	static
../X-CUBE-AI/App/aiTestUtility.c:100:5:ioRawGetUint8	24	static
../X-CUBE-AI/App/aiTestUtility.c:116:6:ioRawWriteBuffer	24	static
../X-CUBE-AI/App/aiTestUtility.c:125:6:ioRawReadBuffer	24	static
../X-CUBE-AI/App/aiTestUtility.c:134:6:ioRawDisableLLWrite	4	static
../X-CUBE-AI/App/aiTestUtility.c:144:5:_write	32	static
../X-CUBE-AI/App/aiTestUtility.c:226:7:__wrap_malloc	24	static
../X-CUBE-AI/App/aiTestUtility.c:266:6:__wrap_free	24	static
../X-CUBE-AI/App/aiTestUtility.c:317:6:stackMonInit	24	static
../X-CUBE-AI/App/aiTestUtility.c:359:22:crcIpInit	16	static
../X-CUBE-AI/App/aiTestUtility.c:375:6:dwtIpInit	4	static
../X-CUBE-AI/App/aiTestUtility.c:388:10:systemCoreClock	8	static
../X-CUBE-AI/App/aiTestUtility.c:399:5:dwtCyclesToTime	216	static
../X-CUBE-AI/App/aiTestUtility.c:416:7:dwtCyclesToFloatMs	24	static
../X-CUBE-AI/App/aiTestUtility.c:424:29:devIdToStr	24	static
../X-CUBE-AI/App/aiTestUtility.c:449:29:bitToStr	16	static
../X-CUBE-AI/App/aiTestUtility.c:460:10:getFlashCacheConf	4	static
../X-CUBE-AI/App/aiTestUtility.c:465:6:systemSettingLog	72	static
