../Drivers/STM32U5xx_HAL_Driver/Inc/stm32u5xx_ll_bus.h:845:22:LL_AHB2_GRP1_EnableClock	24	static
../Drivers/STM32U5xx_HAL_Driver/Inc/stm32u5xx_ll_bus.h:1895:22:LL_APB1_GRP2_EnableClock	24	static
../Core/Src/main.c:91:5:main	8	static
../Core/Src/main.c:151:6:SystemClock_Config	128	static
../Core/Src/main.c:205:13:SystemPower_Config	8	static
../Core/Src/main.c:225:13:MX_ADF1_Init	8	static
../Core/Src/main.c:279:13:MX_I2C1_Init	8	static
../Core/Src/main.c:327:13:MX_I2C2_Init	8	static
../Core/Src/main.c:375:13:MX_ICACHE_Init	8	static
../Core/Src/main.c:407:13:MX_OCTOSPI1_Init	40	static
../Core/Src/main.c:467:13:MX_OCTOSPI2_Init	40	static
../Core/Src/main.c:527:13:MX_SPI2_Init	24	static
../Core/Src/main.c:584:13:MX_UART4_Init	8	static
../Core/Src/main.c:632:13:MX_USART1_UART_Init	8	static
../Core/Src/main.c:680:13:MX_UCPD1_Init	32	static
../Core/Src/main.c:722:13:MX_USB_OTG_FS_PCD_Init	8	static
../Core/Src/main.c:758:13:MX_GPIO_Init	64	static
../Core/Src/main.c:879:6:Error_Handler	4	static,ignoring_inline_asm
