../Drivers/STM32U5xx_HAL_Driver/Inc/stm32u5xx_ll_dma.h:1518:22:LL_DMA_ResetChannel	24	static
../Drivers/STM32U5xx_HAL_Driver/Inc/stm32u5xx_ll_dma.h:1548:22:LL_DMA_SuspendChannel	24	static
../Drivers/STM32U5xx_HAL_Driver/Inc/stm32u5xx_ll_dma.h:1641:22:LL_DMA_SetLinkedListBaseAddr	32	static
../Drivers/STM32U5xx_HAL_Driver/Inc/stm32u5xx_ll_dma.h:1711:22:LL_DMA_ConfigControl	32	static
../Drivers/STM32U5xx_HAL_Driver/Inc/stm32u5xx_ll_dma.h:1965:22:LL_DMA_ConfigTransfer	32	static
../Drivers/STM32U5xx_HAL_Driver/Inc/stm32u5xx_ll_dma.h:2000:22:LL_DMA_ConfigBurstLength	32	static
../Drivers/STM32U5xx_HAL_Driver/Inc/stm32u5xx_ll_dma.h:3065:22:LL_DMA_ConfigChannelTransfer	32	static
../Drivers/STM32U5xx_HAL_Driver/Inc/stm32u5xx_ll_dma.h:3102:22:LL_DMA_SetTransferEventMode	32	static
../Drivers/STM32U5xx_HAL_Driver/Inc/stm32u5xx_ll_dma.h:3240:22:LL_DMA_SetTriggerMode	32	static
../Drivers/STM32U5xx_HAL_Driver/Inc/stm32u5xx_ll_dma.h:3591:22:LL_DMA_SetPeriphRequest	32	static
../Drivers/STM32U5xx_HAL_Driver/Inc/stm32u5xx_ll_dma.h:3897:22:LL_DMA_SetHWTrigger	32	static
../Drivers/STM32U5xx_HAL_Driver/Inc/stm32u5xx_ll_dma.h:4053:22:LL_DMA_ConfigBlkRptAddrUpdate	32	static
../Drivers/STM32U5xx_HAL_Driver/Inc/stm32u5xx_ll_dma.h:4269:22:LL_DMA_SetBlkRptCount	32	static
../Drivers/STM32U5xx_HAL_Driver/Inc/stm32u5xx_ll_dma.h:4320:22:LL_DMA_SetBlkDataLength	32	static
../Drivers/STM32U5xx_HAL_Driver/Inc/stm32u5xx_ll_dma.h:4385:22:LL_DMA_ConfigAddresses	32	static
../Drivers/STM32U5xx_HAL_Driver/Inc/stm32u5xx_ll_dma.h:4531:22:LL_DMA_ConfigAddrUpdateValue	32	static
../Drivers/STM32U5xx_HAL_Driver/Inc/stm32u5xx_ll_dma.h:4632:22:LL_DMA_ConfigBlkRptAddrUpdateValue	32	static
../Drivers/STM32U5xx_HAL_Driver/Inc/stm32u5xx_ll_dma.h:5451:22:LL_DMA_SetLinkedListAddrOffset	32	static
../Drivers/STM32U5xx_HAL_Driver/Inc/stm32u5xx_ll_dma.h:5664:22:LL_DMA_DisableChannelPrivilege	16	static
../Drivers/STM32U5xx_HAL_Driver/Inc/stm32u5xx_ll_bus.h:570:22:LL_AHB1_GRP1_ForceReset	16	static
../Drivers/STM32U5xx_HAL_Driver/Inc/stm32u5xx_ll_bus.h:607:22:LL_AHB1_GRP1_ReleaseReset	16	static
../Drivers/STM32U5xx_HAL_Driver/Inc/stm32u5xx_ll_bus.h:1459:22:LL_AHB3_GRP1_ForceReset	16	static
../Drivers/STM32U5xx_HAL_Driver/Inc/stm32u5xx_ll_bus.h:1484:22:LL_AHB3_GRP1_ReleaseReset	16	static
../Drivers/STM32U5xx_HAL_Driver/Src/stm32u5xx_ll_dma.c:280:10:LL_DMA_DeInit	24	static
../Drivers/STM32U5xx_HAL_Driver/Src/stm32u5xx_ll_dma.c:399:10:LL_DMA_Init	24	static
../Drivers/STM32U5xx_HAL_Driver/Src/stm32u5xx_ll_dma.c:620:6:LL_DMA_StructInit	16	static
../Drivers/STM32U5xx_HAL_Driver/Src/stm32u5xx_ll_dma.c:667:6:LL_DMA_ListStructInit	16	static
../Drivers/STM32U5xx_HAL_Driver/Src/stm32u5xx_ll_dma.c:705:10:LL_DMA_List_DeInit	16	static
../Drivers/STM32U5xx_HAL_Driver/Src/stm32u5xx_ll_dma.c:742:10:LL_DMA_List_Init	24	static
../Drivers/STM32U5xx_HAL_Driver/Src/stm32u5xx_ll_dma.c:783:6:LL_DMA_NodeStructInit	16	static
../Drivers/STM32U5xx_HAL_Driver/Src/stm32u5xx_ll_dma.c:840:10:LL_DMA_CreateLinkNode	24	static
../Drivers/STM32U5xx_HAL_Driver/Src/stm32u5xx_ll_dma.c:1150:6:LL_DMA_ConnectLinkNode	24	static
../Drivers/STM32U5xx_HAL_Driver/Src/stm32u5xx_ll_dma.c:1165:6:LL_DMA_DisconnectNextLinkNode	16	static
