../Drivers/STM32U5xx_HAL_Driver/Inc/stm32u5xx_ll_dlyb.h:93:22:LL_DLYB_Enable	16	static
../Drivers/STM32U5xx_HAL_Driver/Inc/stm32u5xx_ll_dlyb.h:103:22:LL_DLYB_Disable	16	static
../Drivers/STM32U5xx_HAL_Driver/Src/stm32u5xx_hal_ospi.c:321:19:HAL_OSPI_Init	32	static
../Drivers/STM32U5xx_HAL_Driver/Src/stm32u5xx_hal_ospi.c:453:13:HAL_OSPI_MspInit	16	static
../Drivers/STM32U5xx_HAL_Driver/Src/stm32u5xx_hal_ospi.c:468:19:HAL_OSPI_DeInit	24	static
../Drivers/STM32U5xx_HAL_Driver/Src/stm32u5xx_hal_ospi.c:511:13:HAL_OSPI_MspDeInit	16	static
../Drivers/STM32U5xx_HAL_Driver/Src/stm32u5xx_hal_ospi.c:551:6:HAL_OSPI_IRQHandler	32	static
../Drivers/STM32U5xx_HAL_Driver/Src/stm32u5xx_hal_ospi.c:782:19:HAL_OSPI_Command	48	static
../Drivers/STM32U5xx_HAL_Driver/Src/stm32u5xx_hal_ospi.c:914:19:HAL_OSPI_Command_IT	32	static
../Drivers/STM32U5xx_HAL_Driver/Src/stm32u5xx_hal_ospi.c:1004:19:HAL_OSPI_HyperbusCfg	48	static
../Drivers/STM32U5xx_HAL_Driver/Src/stm32u5xx_hal_ospi.c:1051:19:HAL_OSPI_HyperbusCmd	40	static
../Drivers/STM32U5xx_HAL_Driver/Src/stm32u5xx_hal_ospi.c:1113:19:HAL_OSPI_Transmit	48	static
../Drivers/STM32U5xx_HAL_Driver/Src/stm32u5xx_hal_ospi.c:1187:19:HAL_OSPI_Receive	56	static
../Drivers/STM32U5xx_HAL_Driver/Src/stm32u5xx_hal_ospi.c:1279:19:HAL_OSPI_Transmit_IT	24	static
../Drivers/STM32U5xx_HAL_Driver/Src/stm32u5xx_hal_ospi.c:1329:19:HAL_OSPI_Receive_IT	32	static
../Drivers/STM32U5xx_HAL_Driver/Src/stm32u5xx_hal_ospi.c:1402:19:HAL_OSPI_Transmit_DMA	32	static
../Drivers/STM32U5xx_HAL_Driver/Src/stm32u5xx_hal_ospi.c:1582:19:HAL_OSPI_Receive_DMA	40	static
../Drivers/STM32U5xx_HAL_Driver/Src/stm32u5xx_hal_ospi.c:1780:19:HAL_OSPI_AutoPolling	48	static
../Drivers/STM32U5xx_HAL_Driver/Src/stm32u5xx_hal_ospi.c:1858:19:HAL_OSPI_AutoPolling_IT	40	static
../Drivers/STM32U5xx_HAL_Driver/Src/stm32u5xx_hal_ospi.c:1933:19:HAL_OSPI_MemoryMapped	32	static
../Drivers/STM32U5xx_HAL_Driver/Src/stm32u5xx_hal_ospi.c:1986:13:HAL_OSPI_ErrorCallback	16	static
../Drivers/STM32U5xx_HAL_Driver/Src/stm32u5xx_hal_ospi.c:2001:13:HAL_OSPI_AbortCpltCallback	16	static
../Drivers/STM32U5xx_HAL_Driver/Src/stm32u5xx_hal_ospi.c:2016:13:HAL_OSPI_FifoThresholdCallback	16	static
../Drivers/STM32U5xx_HAL_Driver/Src/stm32u5xx_hal_ospi.c:2031:13:HAL_OSPI_CmdCpltCallback	16	static
../Drivers/STM32U5xx_HAL_Driver/Src/stm32u5xx_hal_ospi.c:2046:13:HAL_OSPI_RxCpltCallback	16	static
../Drivers/STM32U5xx_HAL_Driver/Src/stm32u5xx_hal_ospi.c:2061:13:HAL_OSPI_TxCpltCallback	16	static
../Drivers/STM32U5xx_HAL_Driver/Src/stm32u5xx_hal_ospi.c:2076:13:HAL_OSPI_RxHalfCpltCallback	16	static
../Drivers/STM32U5xx_HAL_Driver/Src/stm32u5xx_hal_ospi.c:2091:13:HAL_OSPI_TxHalfCpltCallback	16	static
../Drivers/STM32U5xx_HAL_Driver/Src/stm32u5xx_hal_ospi.c:2106:13:HAL_OSPI_StatusMatchCallback	16	static
../Drivers/STM32U5xx_HAL_Driver/Src/stm32u5xx_hal_ospi.c:2121:13:HAL_OSPI_TimeOutCallback	16	static
../Drivers/STM32U5xx_HAL_Driver/Src/stm32u5xx_hal_ospi.c:2372:19:HAL_OSPI_Abort	40	static
../Drivers/STM32U5xx_HAL_Driver/Src/stm32u5xx_hal_ospi.c:2440:19:HAL_OSPI_Abort_IT	24	static
../Drivers/STM32U5xx_HAL_Driver/Src/stm32u5xx_hal_ospi.c:2518:19:HAL_OSPI_SetFifoThreshold	24	static
../Drivers/STM32U5xx_HAL_Driver/Src/stm32u5xx_hal_ospi.c:2546:10:HAL_OSPI_GetFifoThreshold	16	static
../Drivers/STM32U5xx_HAL_Driver/Src/stm32u5xx_hal_ospi.c:2556:19:HAL_OSPI_SetTimeout	16	static
../Drivers/STM32U5xx_HAL_Driver/Src/stm32u5xx_hal_ospi.c:2567:10:HAL_OSPI_GetError	16	static
../Drivers/STM32U5xx_HAL_Driver/Src/stm32u5xx_hal_ospi.c:2577:10:HAL_OSPI_GetState	16	static
../Drivers/STM32U5xx_HAL_Driver/Src/stm32u5xx_hal_ospi.c:2610:19:HAL_OSPIM_Config	88	static
../Drivers/STM32U5xx_HAL_Driver/Src/stm32u5xx_hal_ospi.c:2871:13:OSPI_DMACplt	24	static
../Drivers/STM32U5xx_HAL_Driver/Src/stm32u5xx_hal_ospi.c:2891:13:OSPI_DMAHalfCplt	24	static
../Drivers/STM32U5xx_HAL_Driver/Src/stm32u5xx_hal_ospi.c:2919:13:OSPI_DMAError	24	static
../Drivers/STM32U5xx_HAL_Driver/Src/stm32u5xx_hal_ospi.c:2951:13:OSPI_DMAAbortCplt	24	static
../Drivers/STM32U5xx_HAL_Driver/Src/stm32u5xx_hal_ospi.c:3008:26:OSPI_WaitFlagStateUntilTimeout	24	static
../Drivers/STM32U5xx_HAL_Driver/Src/stm32u5xx_hal_ospi.c:3039:26:OSPI_ConfigCmd	40	static
../Drivers/STM32U5xx_HAL_Driver/Src/stm32u5xx_hal_ospi.c:3221:26:OSPIM_GetConfig	32	static
../Drivers/STM32U5xx_HAL_Driver/Src/stm32u5xx_hal_ospi.c:3353:19:HAL_OSPI_DLYB_SetConfig	24	static
../Drivers/STM32U5xx_HAL_Driver/Src/stm32u5xx_hal_ospi.c:3406:19:HAL_OSPI_DLYB_GetConfig	24	static
../Drivers/STM32U5xx_HAL_Driver/Src/stm32u5xx_hal_ospi.c:3437:19:HAL_OSPI_DLYB_GetClockPeriod	24	static
