../Drivers/STM32U5xx_HAL_Driver/Src/stm32u5xx_hal_uart_ex.c:166:19:HAL_RS485Ex_Init	32	static
../Drivers/STM32U5xx_HAL_Driver/Src/stm32u5xx_hal_uart_ex.c:271:13:HAL_UARTEx_RxFifoFullCallback	16	static
../Drivers/STM32U5xx_HAL_Driver/Src/stm32u5xx_hal_uart_ex.c:286:13:HAL_UARTEx_TxFifoEmptyCallback	16	static
../Drivers/STM32U5xx_HAL_Driver/Src/stm32u5xx_hal_uart_ex.c:371:19:HAL_MultiProcessorEx_AddressLength_Set	16	static
../Drivers/STM32U5xx_HAL_Driver/Src/stm32u5xx_hal_uart_ex.c:408:19:HAL_UARTEx_StopModeWakeUpSourceConfig	40	static
../Drivers/STM32U5xx_HAL_Driver/Src/stm32u5xx_hal_uart_ex.c:461:19:HAL_UARTEx_EnableStopMode	40	static,ignoring_inline_asm
../Drivers/STM32U5xx_HAL_Driver/Src/stm32u5xx_hal_uart_ex.c:480:19:HAL_UARTEx_DisableStopMode	40	static,ignoring_inline_asm
../Drivers/STM32U5xx_HAL_Driver/Src/stm32u5xx_hal_uart_ex.c:499:19:HAL_UARTEx_EnableFifoMode	24	static
../Drivers/STM32U5xx_HAL_Driver/Src/stm32u5xx_hal_uart_ex.c:540:19:HAL_UARTEx_DisableFifoMode	24	static
../Drivers/STM32U5xx_HAL_Driver/Src/stm32u5xx_hal_uart_ex.c:586:19:HAL_UARTEx_SetTxFifoThreshold	24	static
../Drivers/STM32U5xx_HAL_Driver/Src/stm32u5xx_hal_uart_ex.c:635:19:HAL_UARTEx_SetRxFifoThreshold	24	static
../Drivers/STM32U5xx_HAL_Driver/Src/stm32u5xx_hal_uart_ex.c:692:19:HAL_UARTEx_ReceiveToIdle	40	static
../Drivers/STM32U5xx_HAL_Driver/Src/stm32u5xx_hal_uart_ex.c:815:19:HAL_UARTEx_ReceiveToIdle_IT	56	static,ignoring_inline_asm
../Drivers/STM32U5xx_HAL_Driver/Src/stm32u5xx_hal_uart_ex.c:873:19:HAL_UARTEx_ReceiveToIdle_DMA	56	static,ignoring_inline_asm
../Drivers/STM32U5xx_HAL_Driver/Src/stm32u5xx_hal_uart_ex.c:942:29:HAL_UARTEx_GetRxEventType	16	static
../Drivers/STM32U5xx_HAL_Driver/Src/stm32u5xx_hal_uart_ex.c:954:19:HAL_UARTEx_SetConfigAutonomousMode	24	static
../Drivers/STM32U5xx_HAL_Driver/Src/stm32u5xx_hal_uart_ex.c:1017:19:HAL_UARTEx_GetConfigAutonomousMode	24	static
../Drivers/STM32U5xx_HAL_Driver/Src/stm32u5xx_hal_uart_ex.c:1040:19:HAL_UARTEx_ClearConfigAutonomousMode	16	static
../Drivers/STM32U5xx_HAL_Driver/Src/stm32u5xx_hal_uart_ex.c:1088:13:UARTEx_Wakeup_AddressConfig	24	static
../Drivers/STM32U5xx_HAL_Driver/Src/stm32u5xx_hal_uart_ex.c:1106:13:UARTEx_SetNbDataToProcess	24	static
