../Drivers/STM32U5xx_HAL_Driver/Src/stm32u5xx_hal_spi.c:239:19:HAL_SPI_Init	24	static
../Drivers/STM32U5xx_HAL_Driver/Src/stm32u5xx_hal_spi.c:491:19:HAL_SPI_DeInit	16	static
../Drivers/STM32U5xx_HAL_Driver/Src/stm32u5xx_hal_spi.c:535:13:HAL_SPI_MspInit	16	static
../Drivers/STM32U5xx_HAL_Driver/Src/stm32u5xx_hal_spi.c:551:13:HAL_SPI_MspDeInit	16	static
../Drivers/STM32U5xx_HAL_Driver/Src/stm32u5xx_hal_spi.c:826:19:HAL_SPI_Transmit	40	static
../Drivers/STM32U5xx_HAL_Driver/Src/stm32u5xx_hal_spi.c:1050:19:HAL_SPI_Receive	32	static
../Drivers/STM32U5xx_HAL_Driver/Src/stm32u5xx_hal_spi.c:1253:19:HAL_SPI_TransmitReceive	56	static
../Drivers/STM32U5xx_HAL_Driver/Src/stm32u5xx_hal_spi.c:1493:19:HAL_SPI_Transmit_IT	24	static
../Drivers/STM32U5xx_HAL_Driver/Src/stm32u5xx_hal_spi.c:1577:19:HAL_SPI_Receive_IT	24	static
../Drivers/STM32U5xx_HAL_Driver/Src/stm32u5xx_hal_spi.c:1666:19:HAL_SPI_TransmitReceive_IT	32	static
../Drivers/STM32U5xx_HAL_Driver/Src/stm32u5xx_hal_spi.c:1786:19:HAL_SPI_Transmit_DMA	32	static
../Drivers/STM32U5xx_HAL_Driver/Src/stm32u5xx_hal_spi.c:1972:19:HAL_SPI_Receive_DMA	32	static
../Drivers/STM32U5xx_HAL_Driver/Src/stm32u5xx_hal_spi.c:2161:19:HAL_SPI_TransmitReceive_DMA	32	static
../Drivers/STM32U5xx_HAL_Driver/Src/stm32u5xx_hal_spi.c:2422:19:HAL_SPI_Abort	24	static
../Drivers/STM32U5xx_HAL_Driver/Src/stm32u5xx_hal_spi.c:2555:19:HAL_SPI_Abort_IT	32	static
../Drivers/STM32U5xx_HAL_Driver/Src/stm32u5xx_hal_spi.c:2701:19:HAL_SPI_DMAPause	16	static
../Drivers/STM32U5xx_HAL_Driver/Src/stm32u5xx_hal_spi.c:2716:19:HAL_SPI_DMAResume	16	static
../Drivers/STM32U5xx_HAL_Driver/Src/stm32u5xx_hal_spi.c:2731:19:HAL_SPI_DMAStop	16	static
../Drivers/STM32U5xx_HAL_Driver/Src/stm32u5xx_hal_spi.c:2745:6:HAL_SPI_IRQHandler	48	static
../Drivers/STM32U5xx_HAL_Driver/Src/stm32u5xx_hal_spi.c:2990:13:HAL_SPI_TxCpltCallback	16	static
../Drivers/STM32U5xx_HAL_Driver/Src/stm32u5xx_hal_spi.c:3006:13:HAL_SPI_RxCpltCallback	16	static
../Drivers/STM32U5xx_HAL_Driver/Src/stm32u5xx_hal_spi.c:3022:13:HAL_SPI_TxRxCpltCallback	16	static
../Drivers/STM32U5xx_HAL_Driver/Src/stm32u5xx_hal_spi.c:3038:13:HAL_SPI_TxHalfCpltCallback	16	static
../Drivers/STM32U5xx_HAL_Driver/Src/stm32u5xx_hal_spi.c:3054:13:HAL_SPI_RxHalfCpltCallback	16	static
../Drivers/STM32U5xx_HAL_Driver/Src/stm32u5xx_hal_spi.c:3070:13:HAL_SPI_TxRxHalfCpltCallback	16	static
../Drivers/STM32U5xx_HAL_Driver/Src/stm32u5xx_hal_spi.c:3086:13:HAL_SPI_ErrorCallback	16	static
../Drivers/STM32U5xx_HAL_Driver/Src/stm32u5xx_hal_spi.c:3104:13:HAL_SPI_AbortCpltCallback	16	static
../Drivers/STM32U5xx_HAL_Driver/Src/stm32u5xx_hal_spi.c:3119:13:HAL_SPI_SuspendCallback	16	static
../Drivers/STM32U5xx_HAL_Driver/Src/stm32u5xx_hal_spi.c:3154:22:HAL_SPI_GetState	16	static
../Drivers/STM32U5xx_HAL_Driver/Src/stm32u5xx_hal_spi.c:3166:10:HAL_SPI_GetError	16	static
../Drivers/STM32U5xx_HAL_Driver/Src/stm32u5xx_hal_spi.c:3191:13:SPI_DMATransmitCplt	24	static
../Drivers/STM32U5xx_HAL_Driver/Src/stm32u5xx_hal_spi.c:3219:13:SPI_DMAReceiveCplt	24	static
../Drivers/STM32U5xx_HAL_Driver/Src/stm32u5xx_hal_spi.c:3247:13:SPI_DMATransmitReceiveCplt	24	static
../Drivers/STM32U5xx_HAL_Driver/Src/stm32u5xx_hal_spi.c:3276:13:SPI_DMAHalfTransmitCplt	24	static
../Drivers/STM32U5xx_HAL_Driver/Src/stm32u5xx_hal_spi.c:3294:13:SPI_DMAHalfReceiveCplt	24	static
../Drivers/STM32U5xx_HAL_Driver/Src/stm32u5xx_hal_spi.c:3312:13:SPI_DMAHalfTransmitReceiveCplt	24	static
../Drivers/STM32U5xx_HAL_Driver/Src/stm32u5xx_hal_spi.c:3330:13:SPI_DMAError	24	static
../Drivers/STM32U5xx_HAL_Driver/Src/stm32u5xx_hal_spi.c:3356:13:SPI_DMAAbortOnError	24	static
../Drivers/STM32U5xx_HAL_Driver/Src/stm32u5xx_hal_spi.c:3380:13:SPI_DMATxAbortCallback	24	static
../Drivers/STM32U5xx_HAL_Driver/Src/stm32u5xx_hal_spi.c:3417:13:SPI_DMARxAbortCallback	24	static
../Drivers/STM32U5xx_HAL_Driver/Src/stm32u5xx_hal_spi.c:3452:13:SPI_RxISR_8BIT	16	static
../Drivers/STM32U5xx_HAL_Driver/Src/stm32u5xx_hal_spi.c:3474:13:SPI_RxISR_16BIT	24	static
../Drivers/STM32U5xx_HAL_Driver/Src/stm32u5xx_hal_spi.c:3502:13:SPI_RxISR_32BIT	16	static
../Drivers/STM32U5xx_HAL_Driver/Src/stm32u5xx_hal_spi.c:3524:13:SPI_TxISR_8BIT	16	static
../Drivers/STM32U5xx_HAL_Driver/Src/stm32u5xx_hal_spi.c:3545:13:SPI_TxISR_16BIT	24	static
../Drivers/STM32U5xx_HAL_Driver/Src/stm32u5xx_hal_spi.c:3572:13:SPI_TxISR_32BIT	16	static
../Drivers/STM32U5xx_HAL_Driver/Src/stm32u5xx_hal_spi.c:3593:13:SPI_AbortTransfer	16	static
../Drivers/STM32U5xx_HAL_Driver/Src/stm32u5xx_hal_spi.c:3632:13:SPI_CloseTransfer	24	static
../Drivers/STM32U5xx_HAL_Driver/Src/stm32u5xx_hal_spi.c:3709:26:SPI_WaitOnFlagUntilTimeout	24	static
../Drivers/STM32U5xx_HAL_Driver/Src/stm32u5xx_hal_spi.c:3730:17:SPI_GetPacketSize	24	static
